Archive member included because of file (symbol)

C:/projects/flight/firmware/embUnit THUMB Release/embUnit.a(TestCaller.o)
                              AutoPilot THUMB Release/CLI_test.o (TestCallerImplement)
C:/projects/flight/firmware/embUnit THUMB Release/embUnit.a(TestCase.o)
                              AutoPilot THUMB Release/CLI_test.o (addFailure)
C:/projects/flight/firmware/embUnit THUMB Release/embUnit.a(TestResult.o)
                              C:/projects/flight/firmware/embUnit THUMB Release/embUnit.a(TestCase.o) (TestResult_startTest)
C:/projects/flight/firmware/embUnit THUMB Release/embUnit.a(TestRunner.o)
                              AutoPilot THUMB Release/main.o (TestRunner_start)
C:/projects/flight/firmware/embUnit THUMB Release/embUnit.a(stdImpl.o)
                              C:/projects/flight/firmware/embUnit THUMB Release/embUnit.a(TestRunner.o) (stdimpl_itoa)
C:/projects/flight/firmware/FreeRTOS THUMB Release/FreeRTOS.a(queue.o)
                              AutoPilot THUMB Release/AltimeterTask.o (xQueueGenericCreate)
C:/projects/flight/firmware/FreeRTOS THUMB Release/FreeRTOS.a(tasks.o)
                              C:/projects/flight/firmware/FreeRTOS THUMB Release/FreeRTOS.a(queue.o) (vTaskSuspendAll)
C:/projects/flight/firmware/FreeRTOS THUMB Release/FreeRTOS.a(timers.o)
                              C:/projects/flight/firmware/FreeRTOS THUMB Release/FreeRTOS.a(tasks.o) (xTimerCreateTimerTask)
C:/projects/flight/firmware/FreeRTOS THUMB Release/FreeRTOS.a(heap_4.o)
                              C:/projects/flight/firmware/FreeRTOS THUMB Release/FreeRTOS.a(queue.o) (pvPortMalloc)
C:/projects/flight/firmware/FreeRTOS THUMB Release/FreeRTOS.a(port.o)
                              C:/projects/flight/firmware/FreeRTOS THUMB Release/FreeRTOS.a(tasks.o) (pxPortInitialiseStack)
C:/projects/flight/firmware/FreeRTOS THUMB Release/FreeRTOS.a(list.o)
                              C:/projects/flight/firmware/FreeRTOS THUMB Release/FreeRTOS.a(queue.o) (vListInitialise)
C:/Program Files (x86)/Rowley Associates Limited/CrossWorks for ARM 3.3/lib/libm_v7em_fpv4_sp_d16_hard_t_le_eabi.a(libm_asm.o)
                              AutoPilot THUMB Release/IMU.o (__aeabi_i2d)
C:/Program Files (x86)/Rowley Associates Limited/CrossWorks for ARM 3.3/lib/libm_v7em_fpv4_sp_d16_hard_t_le_eabi.a(libm2.o)
                              AutoPilot THUMB Release/Quaternion.o (acosf)
C:/Program Files (x86)/Rowley Associates Limited/CrossWorks for ARM 3.3/lib/libm_v7em_fpv4_sp_d16_hard_t_le_eabi.a(libm2_asm.o)
                              AutoPilot THUMB Release/PwmCapture_test.o (fabs)
C:/Program Files (x86)/Rowley Associates Limited/CrossWorks for ARM 3.3/lib/libc_v7em_fpv4_sp_d16_hard_t_le_eabi.a(libc2.o)
                              C:/Program Files (x86)/Rowley Associates Limited/CrossWorks for ARM 3.3/lib/libm_v7em_fpv4_sp_d16_hard_t_le_eabi.a(libm2.o) (__aeabi_errno_addr)
C:/Program Files (x86)/Rowley Associates Limited/CrossWorks for ARM 3.3/lib/libc_v7em_fpv4_sp_d16_hard_t_le_eabi.a(libc2_asm.o)
                              AutoPilot THUMB Release/Pid_test.o (memcpy)
C:/Program Files (x86)/Rowley Associates Limited/CrossWorks for ARM 3.3/lib/libc_v7em_fpv4_sp_d16_hard_t_le_eabi.a(libc_asm.o)
                              C:/Program Files (x86)/Rowley Associates Limited/CrossWorks for ARM 3.3/lib/libc_v7em_fpv4_sp_d16_hard_t_le_eabi.a(libc2.o) (__aeabi_uldivmod)
C:/Program Files (x86)/Rowley Associates Limited/CrossWorks for ARM 3.3/lib/libcpp_throws_v7em_fpv4_sp_d16_hard_t_le_eabi.a(new.o)
                              AutoPilot THUMB Release/Helicopter_test.o (operator new(unsigned int))
C:/Program Files (x86)/Rowley Associates Limited/CrossWorks for ARM 3.3/lib/libdebugio_v7em_fpv4_sp_d16_hard_t_le_eabi.a(libdebugio.o)
                              AutoPilot THUMB Release/main.o (debug_exit)
C:/Program Files (x86)/Rowley Associates Limited/CrossWorks for ARM 3.3/lib/libdebugio_v7em_fpv4_sp_d16_hard_t_le_eabi.a(libdebugio_asm.o)
                              AutoPilot THUMB Release/main.o (debug_printf)
C:/Program Files (x86)/Rowley Associates Limited/CrossWorks for ARM 3.3/lib/libgccxceptrtti_v7em_fpv4_sp_d16_hard_t_le_eabi.a(class_type_info.o)
                              AutoPilot THUMB Release/Aircraft.o (vtable for __cxxabiv1::__class_type_info)
C:/Program Files (x86)/Rowley Associates Limited/CrossWorks for ARM 3.3/lib/libgccxceptrtti_v7em_fpv4_sp_d16_hard_t_le_eabi.a(eh_alloc.o)
                              AutoPilot THUMB Release/I2C_test.o (__cxa_allocate_exception)
C:/Program Files (x86)/Rowley Associates Limited/CrossWorks for ARM 3.3/lib/libgccxceptrtti_v7em_fpv4_sp_d16_hard_t_le_eabi.a(eh_arm.o)
                              AutoPilot THUMB Release/Gps_test.o (__cxa_end_cleanup)
C:/Program Files (x86)/Rowley Associates Limited/CrossWorks for ARM 3.3/lib/libgccxceptrtti_v7em_fpv4_sp_d16_hard_t_le_eabi.a(eh_aux_runtime.o)
[...]
Memory Configuration

Name             Origin             Length             Attributes
UNPLACED_SECTIONS 0xffffffff         0x00000000         xw
FLASH            0x08000000         0x00200000         xr
DATA_SRAM        0x10000000         0x00010000         xw
SYSTEM           0x1fff0000         0x00007a10         xw
OPTION           0x1fffc000         0x00000008         xw
RAM              0x20000000         0x00030000         xw
SRAM1            0x20000000         0x0001c000         xw
SRAM2            0x2001c000         0x00004000         xw
SRAM3            0x20020000         0x00010000         xw
APB1             0x40000000         0x00007800         xw
APB2             0x40010000         0x00004c00         xw
AHB1             0x40020000         0x00080000         xw
AHB2             0x50000000         0x00060c00         xw
AHB3             0xa0000000         0x00001000         xw
PCCARD           0x90000000         0x00000000         xw
NAND2            0x80000000         0x00000000         xw
NAND1            0x70000000         0x00000000         xw
NOR_PSRAM4       0x6c000000         0x00000000         xw
NOR_PSRAM3       0x68000000         0x00000000         xw
NOR_PSRAM2       0x64000000         0x00000000         xw
NOR_PSRAM1       0x60000000         0x00000000         xw
PPB              0xe0000000         0x00100000         xw
DBG              0xe0042000         0x00000010         xw
CM3_System_Control_Space 0xe000e000         0x00001000         xw
*default*        0x00000000         0xffffffff

Linker script and memory map

                0x08000000                __FLASH_segment_start__ = 0x8000000
                0x08200000                __FLASH_segment_end__ = 0x8200000
                0x00200000                __FLASH_segment_size__ = 0x200000
                0x10000000                __DATA_SRAM_segment_start__ = 0x10000000
                0x10010000                __DATA_SRAM_segment_end__ = 0x10010000
                0x00010000                __DATA_SRAM_segment_size__ = 0x10000
                0x1fff0000                __SYSTEM_segment_start__ = 0x1fff0000
                0x1fff7a10                __SYSTEM_segment_end__ = 0x1fff7a10
                0x00007a10                __SYSTEM_segment_size__ = 0x7a10
                0x1fffc000                __OPTION_segment_start__ = 0x1fffc000
                0x1fffc008                __OPTION_segment_end__ = 0x1fffc008
                0x00000008                __OPTION_segment_size__ = 0x8
                0x20000000                __RAM_segment_start__ = 0x20000000
                0x20030000                __RAM_segment_end__ = 0x20030000
                0x00030000                __RAM_segment_size__ = 0x30000
                0x20000000                __SRAM1_segment_start__ = 0x20000000
                0x2001c000                __SRAM1_segment_end__ = 0x2001c000
                0x0001c000                __SRAM1_segment_size__ = 0x1c000
                0x2001c000                __SRAM2_segment_start__ = 0x2001c000
                0x20020000                __SRAM2_segment_end__ = 0x20020000
                0x00004000                __SRAM2_segment_size__ = 0x4000
                0x20020000                __SRAM3_segment_start__ = 0x20020000
                0x20030000                __SRAM3_segment_end__ = 0x20030000
                0x00010000                __SRAM3_segment_size__ = 0x10000
                0x40000000                __APB1_segment_start__ = 0x40000000
                0x40007800                __APB1_segment_end__ = 0x40007800
                0x00007800                __APB1_segment_size__ = 0x7800
                0x40010000                __APB2_segment_start__ = 0x40010000
                0x40014c00                __APB2_segment_end__ = 0x40014c00
                0x00004c00                __APB2_segment_size__ = 0x4c00
                0x40020000                __AHB1_segment_start__ = 0x40020000
                0x400a0000                __AHB1_segment_end__ = 0x400a0000
                0x00080000                __AHB1_segment_size__ = 0x80000
                0x50000000                __AHB2_segment_start__ = 0x50000000
                0x50060c00                __AHB2_segment_end__ = 0x50060c00
                0x00060c00                __AHB2_segment_size__ = 0x60c00
                0xa0000000                __AHB3_segment_start__ = 0xa0000000
                0xa0001000                __AHB3_segment_end__ = 0xa0001000
                0x00001000                __AHB3_segment_size__ = 0x1000
                0x90000000                __PCCARD_segment_start__ = 0x90000000
                0x90000000                __PCCARD_segment_end__ = 0x90000000
                0x00000000                __PCCARD_segment_size__ = 0x0
                0x80000000                __NAND2_segment_start__ = 0x80000000
                0x80000000                __NAND2_segment_end__ = 0x80000000
                0x00000000                __NAND2_segment_size__ = 0x0
                0x70000000                __NAND1_segment_start__ = 0x70000000
                0x70000000                __NAND1_segment_end__ = 0x70000000
                0x00000000                __NAND1_segment_size__ = 0x0
                0x6c000000                __NOR_PSRAM4_segment_start__ = 0x6c000000
                0x6c000000                __NOR_PSRAM4_segment_end__ = 0x6c000000
                0x00000000                __NOR_PSRAM4_segment_size__ = 0x0
                0x68000000                __NOR_PSRAM3_segment_start__ = 0x68000000
                0x68000000                __NOR_PSRAM3_segment_end__ = 0x68000000
                0x00000000                __NOR_PSRAM3_segment_size__ = 0x0
                0x64000000                __NOR_PSRAM2_segment_start__ = 0x64000000
                0x64000000                __NOR_PSRAM2_segment_end__ = 0x64000000
                0x00000000                __NOR_PSRAM2_segment_size__ = 0x0
                0x60000000                __NOR_PSRAM1_segment_start__ = 0x60000000
                0x60000000                __NOR_PSRAM1_segment_end__ = 0x60000000
                0x00000000                __NOR_PSRAM1_segment_size__ = 0x0
                0xe0000000                __PPB_segment_start__ = 0xe0000000
                0xe0100000                __PPB_segment_end__ = 0xe0100000
                0x00100000                __PPB_segment_size__ = 0x100000
                0xe0042000                __DBG_segment_start__ = 0xe0042000
                0xe0042010                __DBG_segment_end__ = 0xe0042010
                0x00000010                __DBG_segment_size__ = 0x10
                0xe000e000                __CM3_System_Control_Space_segment_start__ = 0xe000e000
                0xe000f000                __CM3_System_Control_Space_segment_end__ = 0xe000f000
                0x00001000                __CM3_System_Control_Space_segment_size__ = 0x1000
                0x00002000                __HEAPSIZE__ = 0x2000
                0x00000000                __STACKSIZE_ABT__ = 0x0
                0x00000000                __STACKSIZE_FIQ__ = 0x0
                0x00000000                __STACKSIZE_IRQ__ = 0x0
                0x00000800                __STACKSIZE_PROCESS__ = 0x800
                0x00000000                __STACKSIZE_SVC__ = 0x0
                0x00000000                __STACKSIZE_UND__ = 0x0
                0x00000800                __STACKSIZE__ = 0x800
                0x20000000                __vectors_ram_load_start__ = ALIGN (__RAM_segment_start__, 0x100)

.vectors_ram    0x20000000        0x0
                0x20000000                __vectors_ram_start__ = .
 *(.vectors_ram .vectors_ram.*)
                0x20000000                __vectors_ram_end__ = (__vectors_ram_start__ + SIZEOF (.vectors_ram))
                0x00000000                __vectors_ram_size__ = SIZEOF (.vectors_ram)
                0x20000000                __vectors_ram_load_end__ = __vectors_ram_end__
                0x00000001                . = ASSERT (((__vectors_ram_start__ == __vectors_ram_end__) || ((__vectors_ram_end__ >= __RAM_segment_start__) && (__vectors_ram_end__ <= __RAM_segment_end__))), error: .vectors_ram is too large to fit in RAM memory segment)
                0x08000000                __vectors_load_start__ = ALIGN (__FLASH_segment_start__, 0x100)

.vectors        0x08000000      0x1ac
                0x08000000                __vectors_start__ = .
 *(.vectors .vectors.*)
 .vectors       0x08000000      0x1ac AutoPilot THUMB Release/STM32_Startup.o
                0x08000000                _vectors
                0x080001ac                __vectors_end__ = (__vectors_start__ + SIZEOF (.vectors))
                0x000001ac                __vectors_size__ = SIZEOF (.vectors)
                0x080001ac                __vectors_load_end__ = __vectors_end__
                0x00000001                . = ASSERT (((__vectors_start__ == __vectors_end__) || ((__vectors_end__ >= __FLASH_segment_start__) && (__vectors_end__ <= __FLASH_segment_end__))), error: .vectors is too large to fit in FLASH memory segment)
                0x080001ac                __init_load_start__ = ALIGN (__vectors_end__, 0x4)

.init           0x080001ac      0x278
                0x080001ac                __init_start__ = .
 *(.init .init.*)
 .init          0x080001ac      0x15c AutoPilot THUMB Release/thumb_crt0.o
                0x080001ac                _start
                0x0800025c                exit
 .init          0x08000308      0x11c AutoPilot THUMB Release/STM32_Startup.o
                0x08000308                NMI_Handler
                0x0800030c                MemManage_Handler
                0x0800030e                BusFault_Handler
                0x08000310                UsageFault_Handler
                0x08000314                DebugMon_Handler
                0x0800031a                WWDG_IRQHandler
                0x0800031c                PVD_IRQHandler
                0x0800031e                TAMP_STAMP_IRQHandler
                0x08000320                RTC_WKUP_IRQHandler
                0x08000322                FLASH_IRQHandler
                0x08000324                RCC_IRQHandler
                0x08000326                EXTI0_IRQHandler
                0x08000328                EXTI1_IRQHandler
                0x0800032a                EXTI2_IRQHandler
                0x0800032c                EXTI3_IRQHandler
                0x0800032e                EXTI4_IRQHandler
                0x08000330                DMA1_Stream0_IRQHandler
                0x08000332                DMA1_Stream1_IRQHandler
                0x08000334                DMA1_Stream2_IRQHandler
                0x08000336                DMA1_Stream3_IRQHandler
                0x08000338                DMA1_Stream4_IRQHandler
                0x0800033a                DMA1_Stream5_IRQHandler
                0x0800033c                DMA1_Stream6_IRQHandler
                0x0800033e                ADC_IRQHandler
                0x08000340                CAN1_TX_IRQHandler
                0x08000342                CAN1_RX0_IRQHandler
                0x08000344                CAN1_RX1_IRQHandler
                0x08000346                CAN1_SCE_IRQHandler
                0x0800034a                TIM1_BRK_TIM9_IRQHandler
                0x0800034c                TIM1_UP_TIM10_IRQHandler
                0x0800034e                TIM1_TRG_COM_TIM11_IRQHandler
                0x08000350                TIM1_CC_IRQHandler
                0x08000352                TIM2_IRQHandler
                0x08000358                I2C1_EV_IRQHandler
                0x0800035a                I2C1_ER_IRQHandler
                0x0800035c                I2C2_EV_IRQHandler
                0x0800035e                I2C2_ER_IRQHandler
                0x08000360                SPI1_IRQHandler
                0x08000362                SPI2_IRQHandler
                0x08000366                USART2_IRQHandler
                0x0800036a                EXTI15_10_IRQHandler
                0x0800036c                RTC_Alarm_IRQHandler
                0x0800036e                OTG_FS_WKUP_IRQHandler
                0x08000370                TIM8_BRK_TIM12_IRQHandler
                0x08000372                TIM8_UP_TIM13_IRQHandler
                0x08000374                TIM8_TRG_COM_TIM14_IRQHandler
                0x08000376                TIM8_CC_IRQHandler
                0x08000378                DMA1_Stream7_IRQHandler
                0x0800037a                FMC_IRQHandler
                0x0800037c                SDIO_IRQHandler
                0x0800037e                TIM5_IRQHandler
                0x08000380                SPI3_IRQHandler
                0x08000382                UART4_IRQHandler
                0x08000384                UART5_IRQHandler
                0x08000386                TIM6_DAC_IRQHandler
                0x08000388                TIM7_IRQHandler
                0x0800038a                DMA2_Stream0_IRQHandler
                0x0800038c                DMA2_Stream1_IRQHandler
                0x0800038e                DMA2_Stream2_IRQHandler
                0x08000390                DMA2_Stream3_IRQHandler
                0x08000392                DMA2_Stream4_IRQHandler
                0x08000394                ETH_IRQHandler
                0x08000396                ETH_WKUP_IRQHandler
                0x08000398                CAN2_TX_IRQHandler
                0x0800039a                CAN2_RX0_IRQHandler
                0x0800039c                CAN2_RX1_IRQHandler
                0x0800039e                CAN2_SCE_IRQHandler
                0x080003a0                OTG_FS_IRQHandler
                0x080003a2                DMA2_Stream5_IRQHandler
                0x080003a4                DMA2_Stream6_IRQHandler
                0x080003a6                DMA2_Stream7_IRQHandler
                0x080003a8                USART6_IRQHandler
                0x080003aa                I2C3_EV_IRQHandler
                0x080003ac                I2C3_ER_IRQHandler
                0x080003ae                OTG_HS_EP1_OUT_IRQHandler
                0x080003b0                OTG_HS_EP1_IN_IRQHandler
                0x080003b2                OTG_HS_WKUP_IRQHandler
                0x080003b4                OTG_HS_IRQHandler
                0x080003b6                DCMI_IRQHandler
                0x080003b8                HASH_RNG_IRQHandler
                0x080003ba                FPU_IRQHandler
                0x080003bc                UART7_IRQHandler
                0x080003be                UART8_IRQHandler
                0x080003c0                SPI4_IRQHandler
                0x080003c2                SPI5_IRQHandler
                0x080003c4                SPI6_IRQHandler
                0x080003c6                SAI1_IRQHandler
                0x080003c8                DMA2D_IRQHandler
                0x080003ca                reset_handler
                0x08000416                SystemInit
                0x08000424                __init_end__ = (__init_start__ + SIZEOF (.init))
                0x00000278                __init_size__ = SIZEOF (.init)
                0x08000424                __init_load_end__ = __init_end__
                0x00000001                . = ASSERT (((__init_start__ == __init_end__) || ((__init_end__ >= __FLASH_segment_start__) && (__init_end__ <= __FLASH_segment_end__))), error: .init is too large to fit in FLASH memory segment)
                0x08000424                __text_load_start__ = ALIGN (__init_end__, 0x4)

.text           0x08000424    0x14ec4
                0x08000424                __text_start__ = .
 *(.text .text.* .glue_7t .glue_7 .gnu.linkonce.t.* .gcc_except_table .ARM.extab* .gnu.linkonce.armextab.*)
 .glue_7        0x00000000        0x0 linker stubs
 .glue_7t       0x00000000        0x0 linker stubs
 .text._ZL5setUpv
                0x08000424        0x4 AutoPilot THUMB Release/CLI_test.o
 .text._ZL8tearDownv
                0x08000428        0x4 AutoPilot THUMB Release/CLI_test.o
 .text._Z17test_CliReadWritev
                0x0800042c       0xf4 AutoPilot THUMB Release/CLI_test.o
                0x0800042c                test_CliReadWrite()
 .text._ZL20test_feedback_paramsv
                0x08000520      0x328 AutoPilot THUMB Release/CLI_test.o
 .text._ZL15test_pid_paramsv
                0x08000848      0x1d0 AutoPilot THUMB Release/CLI_test.o
 .text._ZL15test_propertiesv
                0x08000a18       0x84 AutoPilot THUMB Release/CLI_test.o
 .text._Z9CLI_testsv
                0x08000a9c        0x8 AutoPilot THUMB Release/CLI_test.o
                0x08000a9c                CLI_tests()
 .text._ZL5setUpv
                0x08000aa4        0x4 AutoPilot THUMB Release/Config_test.o
 .text._ZL8tearDownv
                0x08000aa8        0x4 AutoPilot THUMB Release/Config_test.o
 .text._ZL15test_propertiesv
                0x08000aac      0x114 AutoPilot THUMB Release/Config_test.o
 .ARM.extab.text._ZL15test_propertiesv
                0x08000bc0        0xc AutoPilot THUMB Release/Config_test.o
 .text._ZL14test_Singletonv
                0x08000bcc       0x9c AutoPilot THUMB Release/Config_test.o
 .text._Z12Config_testsv
                0x08000c68        0x8 AutoPilot THUMB Release/Config_test.o
                0x08000c68                Config_tests()
 .text._ZL5setUpv
                0x08000c70        0x4 AutoPilot THUMB Release/ControlTask_test.o
 .text._ZL8tearDownv
                0x08000c74        0x4 AutoPilot THUMB Release/ControlTask_test.o
 .text._Z31test_isStartingControlledFlightv
                0x08000c78       0x90 AutoPilot THUMB Release/ControlTask_test.o
                0x08000c78                test_isStartingControlledFlight()
 .text._Z17test_getNextStatev
                0x08000d08      0x110 AutoPilot THUMB Release/ControlTask_test.o
                0x08000d08                test_getNextState()
 .text._Z17ControlTask_testsv
                0x08000e18        0x8 AutoPilot THUMB Release/ControlTask_test.o
                0x08000e18                ControlTask_tests()
 .text._ZL23test_ControlStateLabelsv
                0x08000e20       0xa0 AutoPilot THUMB Release/ControlTask_test.o
 .text._ZL5setUpv
                0x08000ec0        0x4 AutoPilot THUMB Release/Gps_test.o
 .text._ZL8tearDownv
                0x08000ec4        0x4 AutoPilot THUMB Release/Gps_test.o
 .text._ZL24test_calculateSampleDatav
                0x08000ec8      0x184 AutoPilot THUMB Release/Gps_test.o
 .ARM.extab.text._ZL24test_calculateSampleDatav
                0x0800104c       0x20 AutoPilot THUMB Release/Gps_test.o
 .text._ZL14test_parseGoodv
                0x0800106c       0x54 AutoPilot THUMB Release/Gps_test.o
 .ARM.extab.text._ZL14test_parseGoodv
                0x080010c0       0x1c AutoPilot THUMB Release/Gps_test.o
 .text._ZL18test_parseUnlockedv
                0x080010dc       0x54 AutoPilot THUMB Release/Gps_test.o
 .ARM.extab.text._ZL18test_parseUnlockedv
                0x08001130       0x1c AutoPilot THUMB Release/Gps_test.o
 .text._ZL17test_parseGarbagev
                0x0800114c       0x54 AutoPilot THUMB Release/Gps_test.o
 .ARM.extab.text._ZL17test_parseGarbagev
                0x080011a0       0x1c AutoPilot THUMB Release/Gps_test.o
 .text._ZL14test_GpsSamplev
                0x080011bc      0x1c0 AutoPilot THUMB Release/Gps_test.o
 .ARM.extab.text._ZL14test_GpsSamplev
                0x0800137c       0x20 AutoPilot THUMB Release/Gps_test.o
 .text._Z13GpsTask_testsv
                0x0800139c        0x8 AutoPilot THUMB Release/Gps_test.o
                0x0800139c                GpsTask_tests()
 .text._ZL5setUpv
                0x080013a4        0x4 AutoPilot THUMB Release/Helicopter_test.o
 .text._ZL8tearDownv
                0x080013a8        0x4 AutoPilot THUMB Release/Helicopter_test.o
 .text._Z16Helicopter_testsv
                0x080013ac        0x8 AutoPilot THUMB Release/Helicopter_test.o
                0x080013ac                Helicopter_tests()
 .text._ZL26test_initialServoPositionsv
                0x080013b4      0x190 AutoPilot THUMB Release/Helicopter_test.o
 .ARM.extab.text._ZL26test_initialServoPositionsv
                0x08001544       0x24 AutoPilot THUMB Release/Helicopter_test.o
 .text._Z27test_tailServoReactionToYawv
                0x08001568      0x19c AutoPilot THUMB Release/Helicopter_test.o
                0x08001568                test_tailServoReactionToYaw()
 .ARM.extab.text._Z27test_tailServoReactionToYawv
                0x08001704       0x2c AutoPilot THUMB Release/Helicopter_test.o
 .text._Z28test_tailServoReactionToYaw2v
                0x08001730      0x19c AutoPilot THUMB Release/Helicopter_test.o
                0x08001730                test_tailServoReactionToYaw2()
 .ARM.extab.text._Z28test_tailServoReactionToYaw2v
                0x080018cc       0x2c AutoPilot THUMB Release/Helicopter_test.o
 .text._ZL23test_GyroFeedback_hoverv
                0x080018f8      0x18c AutoPilot THUMB Release/Helicopter_test.o
 .ARM.extab.text._ZL23test_GyroFeedback_hoverv
                0x08001a84       0x2c AutoPilot THUMB Release/Helicopter_test.o
 .text._ZNK19I2cTimeoutException4whatEv
                0x08001ab0        0x8 AutoPilot THUMB Release/I2C_test.o
                0x08001ab0                I2cTimeoutException::what() const
 .ARM.extab.text._ZNK19I2cTimeoutException4whatEv
                0x08001ab8        0x0 AutoPilot THUMB Release/I2C_test.o
 .text._ZL5setUpv
                0x08001ab8        0x4 AutoPilot THUMB Release/I2C_test.o
 .text._ZL8tearDownv
                0x08001abc        0x4 AutoPilot THUMB Release/I2C_test.o
 .text._ZL17test_IntExceptionv
                0x08001ac0       0x68 AutoPilot THUMB Release/I2C_test.o
 .ARM.extab.text._ZL17test_IntExceptionv
                0x08001b28       0x30 AutoPilot THUMB Release/I2C_test.o
 .text._ZL19test_FnWait_Timeoutv
                0x08001b58       0x6c AutoPilot THUMB Release/I2C_test.o
 .ARM.extab.text._ZL19test_FnWait_Timeoutv
                0x08001bc4       0x1c AutoPilot THUMB Release/I2C_test.o
 .text._ZL21test_TimeoutExceptionv
                0x08001be0       0x8c AutoPilot THUMB Release/I2C_test.o
 .ARM.extab.text._ZL21test_TimeoutExceptionv
                0x08001c6c       0x38 AutoPilot THUMB Release/I2C_test.o
 .text._ZN19I2cTimeoutExceptionD2Ev
                0x08001ca4       0x14 AutoPilot THUMB Release/I2C_test.o
                0x08001ca4                I2cTimeoutException::~I2cTimeoutException()
                0x08001ca4                I2cTimeoutException::~I2cTimeoutException()
 .ARM.extab.text._ZN19I2cTimeoutExceptionD2Ev
                0x08001cb8        0x0 AutoPilot THUMB Release/I2C_test.o
 .text._ZN19I2cTimeoutExceptionD0Ev
                0x08001cb8       0x1c AutoPilot THUMB Release/I2C_test.o
                0x08001cb8                I2cTimeoutException::~I2cTimeoutException()
 .ARM.extab.text._ZN19I2cTimeoutExceptionD0Ev
                0x08001cd4        0x0 AutoPilot THUMB Release/I2C_test.o
 .text._ZL11test_FnWaitv
                0x08001cd4       0x24 AutoPilot THUMB Release/I2C_test.o
 .ARM.extab.text._ZL11test_FnWaitv
                0x08001cf8        0xc AutoPilot THUMB Release/I2C_test.o
 .text._Z9I2C_testsv
                0x08001d04        0x8 AutoPilot THUMB Release/I2C_test.o
                0x08001d04                I2C_tests()
 .text._ZL5setUpv
                0x08001d0c        0x4 AutoPilot THUMB Release/IMU_test.o
 .text._ZL8tearDownv
                0x08001d10        0x4 AutoPilot THUMB Release/IMU_test.o
 .text._ZL28test_convertToReferenceFramev
                0x08001d14       0xbc AutoPilot THUMB Release/IMU_test.o
 .text._ZL31test_getCompassAngleRadiansCCwNv
                0x08001dd0       0xc0 AutoPilot THUMB Release/IMU_test.o
 .text._Z9IMU_testsv
                0x08001e90        0x8 AutoPilot THUMB Release/IMU_test.o
                0x08001e90                IMU_tests()
 .text._ZL5setUpv
                0x08001e98        0x4 AutoPilot THUMB Release/Kinematics_test.o
 .text._ZL8tearDownv
                0x08001e9c        0x4 AutoPilot THUMB Release/Kinematics_test.o
 .text._ZL21test_alimeterFeedbackv
                0x08001ea0        0x4 AutoPilot THUMB Release/Kinematics_test.o
 .text._ZL16test_gpsFeedbackv
                0x08001ea4      0x5a8 AutoPilot THUMB Release/Kinematics_test.o
 .ARM.extab.text._ZL16test_gpsFeedbackv
                0x0800244c       0x38 AutoPilot THUMB Release/Kinematics_test.o
 .text._ZL18test_symetric_tiltv
                0x08002484      0x518 AutoPilot THUMB Release/Kinematics_test.o
 .ARM.extab.text._ZL18test_symetric_tiltv
                0x0800299c       0x64 AutoPilot THUMB Release/Kinematics_test.o
 .text._ZL11test_staticv
                0x08002a00      0x264 AutoPilot THUMB Release/Kinematics_test.o
 .ARM.extab.text._ZL11test_staticv
                0x08002c64       0x30 AutoPilot THUMB Release/Kinematics_test.o
 .text._ZL9test_ctorv
                0x08002c94      0x1e0 AutoPilot THUMB Release/Kinematics_test.o
 .ARM.extab.text._ZL9test_ctorv
                0x08002e74       0x1c AutoPilot THUMB Release/Kinematics_test.o
 .text._ZL20test_compassFeedbackv
                0x08002e90      0x290 AutoPilot THUMB Release/Kinematics_test.o
 .ARM.extab.text._ZL20test_compassFeedbackv
                0x08003120       0x50 AutoPilot THUMB Release/Kinematics_test.o
 .text._ZL20test_simple_straightv
                0x08003170      0x30c AutoPilot THUMB Release/Kinematics_test.o
 .ARM.extab.text._ZL20test_simple_straightv
                0x0800347c       0x3c AutoPilot THUMB Release/Kinematics_test.o
 .text._ZL17test_testing_ctorv
                0x080034b8      0x268 AutoPilot THUMB Release/Kinematics_test.o
 .ARM.extab.text._ZL17test_testing_ctorv
                0x08003720       0x1c AutoPilot THUMB Release/Kinematics_test.o
 .text._Z16Kinematics_testsv
                0x0800373c        0x8 AutoPilot THUMB Release/Kinematics_test.o
                0x0800373c                Kinematics_tests()
 .text._ZL5setUpv
                0x08003744        0x4 AutoPilot THUMB Release/Logger_test.o
 .text._ZL8tearDownv
                0x08003748        0x4 AutoPilot THUMB Release/Logger_test.o
 .text._ZL14test_Singletonv
                0x0800374c       0x90 AutoPilot THUMB Release/Logger_test.o
 .text._Z12Logger_testsv
                0x080037dc        0x8 AutoPilot THUMB Release/Logger_test.o
                0x080037dc                Logger_tests()
 .text._ZL5setUpv
                0x080037e4        0x4 AutoPilot THUMB Release/Pid_test.o
 .text._ZL8tearDownv
                0x080037e8        0x4 AutoPilot THUMB Release/Pid_test.o
 .text._ZL15test_configCtorv
                0x080037ec       0x40 AutoPilot THUMB Release/Pid_test.o
 .text._ZL20test_pidConfigChangev
                0x0800382c       0x98 AutoPilot THUMB Release/Pid_test.o
 .ARM.extab.text._ZL20test_pidConfigChangev
                0x080038c4        0xc AutoPilot THUMB Release/Pid_test.o
 .text._ZL8test_pidv
                0x080038d0      0x134 AutoPilot THUMB Release/Pid_test.o
 .text._ZL6test_dv
                0x08003a04       0x90 AutoPilot THUMB Release/Pid_test.o
 .text._ZL6test_iv
                0x08003a94       0xa0 AutoPilot THUMB Release/Pid_test.o
 .ARM.extab.text._ZL6test_iv
                0x08003b34        0xc AutoPilot THUMB Release/Pid_test.o
 .text._ZL6test_pv
                0x08003b40       0x64 AutoPilot THUMB Release/Pid_test.o
 .text._ZL9test_ctorv
                0x08003ba4       0xbc AutoPilot THUMB Release/Pid_test.o
 .text._Z9Pid_testsv
                0x08003c60        0x8 AutoPilot THUMB Release/Pid_test.o
                0x08003c60                Pid_tests()
 .text._ZL5setUpv
                0x08003c68        0x4 AutoPilot THUMB Release/PwmCapture_test.o
 .text._ZL8tearDownv
                0x08003c6c        0x4 AutoPilot THUMB Release/PwmCapture_test.o
 .text._Z16test_PwmCapture1v
                0x08003c70       0x90 AutoPilot THUMB Release/PwmCapture_test.o
                0x08003c70                test_PwmCapture1()
 .ARM.extab.text._Z16test_PwmCapture1v
                0x08003d00        0xc AutoPilot THUMB Release/PwmCapture_test.o
 .text._Z16PwmCapture_testsv
                0x08003d0c        0x8 AutoPilot THUMB Release/PwmCapture_test.o
                0x08003d0c                PwmCapture_tests()
 .text._ZL5setUpv
                0x08003d14        0x4 AutoPilot THUMB Release/PwmGen_test.o
 .text._ZL8tearDownv
                0x08003d18        0x4 AutoPilot THUMB Release/PwmGen_test.o
 *fill*         0x08003d1c        0x4 
 .text._ZL11test_PwmGenv
                0x08003d20       0x90 AutoPilot THUMB Release/PwmGen_test.o
 .ARM.extab.text._ZL11test_PwmGenv
                0x08003db0        0xc AutoPilot THUMB Release/PwmGen_test.o
 .text._Z12PwmGen_testsv
                0x08003dbc        0x8 AutoPilot THUMB Release/PwmGen_test.o
                0x08003dbc                PwmGen_tests()
 .text._ZL5setUpv
                0x08003dc4        0x4 AutoPilot THUMB Release/Quaternion_test.o
 .text._ZL8tearDownv
                0x08003dc8        0x4 AutoPilot THUMB Release/Quaternion_test.o
 .text._ZL15test_euler_ctorv
                0x08003dcc       0xf8 AutoPilot THUMB Release/Quaternion_test.o
 .text._ZL10test_slerpv
                0x08003ec4      0x278 AutoPilot THUMB Release/Quaternion_test.o
 .ARM.extab.text._ZL10test_slerpv
                0x0800413c        0xc AutoPilot THUMB Release/Quaternion_test.o
 .text._ZL14test_get_eulerv
                0x08004148      0x214 AutoPilot THUMB Release/Quaternion_test.o
 .ARM.extab.text._ZL14test_get_eulerv
                0x0800435c        0xc AutoPilot THUMB Release/Quaternion_test.o
 .text._ZL18test_discrete_ctorv
                0x08004368       0xf8 AutoPilot THUMB Release/Quaternion_test.o
 .ARM.extab.text._ZL18test_discrete_ctorv
                0x08004460        0xc AutoPilot THUMB Release/Quaternion_test.o
 .text._ZL14test_sandwich2v
                0x0800446c       0xec AutoPilot THUMB Release/Quaternion_test.o
 .text._ZL13test_sandwichv
                0x08004558       0xf4 AutoPilot THUMB Release/Quaternion_test.o
 .ARM.extab.text._ZL13test_sandwichv
                0x0800464c        0xc AutoPilot THUMB Release/Quaternion_test.o
 .text._ZL15test_get_matrixv
                0x08004658       0xa4 AutoPilot THUMB Release/Quaternion_test.o
 .ARM.extab.text._ZL15test_get_matrixv
                0x080046fc        0xc AutoPilot THUMB Release/Quaternion_test.o
 .text._ZL24test_operator_scalar_divv
                0x08004708      0x100 AutoPilot THUMB Release/Quaternion_test.o
 .text._ZL25test_operator_scalar_multv
                0x08004808       0xf4 AutoPilot THUMB Release/Quaternion_test.o
 .ARM.extab.text._ZL25test_operator_scalar_multv
                0x080048fc        0xc AutoPilot THUMB Release/Quaternion_test.o
 .text._ZL19test_normalize_zerov
                0x08004908       0xc8 AutoPilot THUMB Release/Quaternion_test.o
 .text._ZL14test_normalizev
                0x080049d0      0x104 AutoPilot THUMB Release/Quaternion_test.o
 .text._ZL9test_normv
                0x08004ad4       0xc4 AutoPilot THUMB Release/Quaternion_test.o
 .ARM.extab.text._ZL9test_normv
                0x08004b98        0xc AutoPilot THUMB Release/Quaternion_test.o
 .text._ZL9test_conjv
                0x08004ba4      0x100 AutoPilot THUMB Release/Quaternion_test.o
 .ARM.extab.text._ZL9test_conjv
                0x08004ca4        0xc AutoPilot THUMB Release/Quaternion_test.o
 .text._ZL18test_operator_multv
                0x08004cb0      0x108 AutoPilot THUMB Release/Quaternion_test.o
 .text._ZL14test_copy_ctorv
                0x08004db8      0x100 AutoPilot THUMB Release/Quaternion_test.o
 .ARM.extab.text._ZL14test_copy_ctorv
                0x08004eb8        0xc AutoPilot THUMB Release/Quaternion_test.o
 .text._ZL16test_vector_ctorv
                0x08004ec4      0x108 AutoPilot THUMB Release/Quaternion_test.o
 .ARM.extab.text._ZL16test_vector_ctorv
                0x08004fcc        0xc AutoPilot THUMB Release/Quaternion_test.o
 .text._ZL17test_default_ctorv
                0x08004fd8       0xb8 AutoPilot THUMB Release/Quaternion_test.o
 .text._Z16Quaternion_testsv
                0x08005090        0x8 AutoPilot THUMB Release/Quaternion_test.o
                0x08005090                Quaternion_tests()
 .text._ZL5setUpv
                0x08005098        0x4 AutoPilot THUMB Release/SensorTask_test.o
 .text._ZL8tearDownv
                0x0800509c        0x4 AutoPilot THUMB Release/SensorTask_test.o
 .text._Z26test_initialReferenceFramev
                0x080050a0      0x214 AutoPilot THUMB Release/SensorTask_test.o
                0x080050a0                test_initialReferenceFrame()
 .ARM.extab.text._Z26test_initialReferenceFramev
                0x080052b4       0x1c AutoPilot THUMB Release/SensorTask_test.o
 .text._Z29test_referenceFrameAdjustmentv
                0x080052d0      0x23c AutoPilot THUMB Release/SensorTask_test.o
                0x080052d0                test_referenceFrameAdjustment()
 .ARM.extab.text._Z29test_referenceFrameAdjustmentv
                0x0800550c       0x1c AutoPilot THUMB Release/SensorTask_test.o
 .text._Z16SensorTask_testsv
                0x08005528        0x8 AutoPilot THUMB Release/SensorTask_test.o
                0x08005528                SensorTask_tests()
 .text._ZL5setUpv
                0x08005530        0x4 AutoPilot THUMB Release/Vector_test.o
 .text._ZL8tearDownv
                0x08005534        0x4 AutoPilot THUMB Release/Vector_test.o
 .text._ZL19test_operator_minusv
                0x08005538      0x130 AutoPilot THUMB Release/Vector_test.o
 .ARM.extab.text._ZL19test_operator_minusv
                0x08005668        0xc AutoPilot THUMB Release/Vector_test.o
 *fill*         0x08005674        0x4 
 .text._ZL9test_ctorv
                0x08005678       0xf8 AutoPilot THUMB Release/Vector_test.o
 .ARM.extab.text._ZL9test_ctorv
                0x08005770        0xc AutoPilot THUMB Release/Vector_test.o
 *fill*         0x0800577c        0x4 
 .text._ZL18test_operator_plusv
                0x08005780      0x130 AutoPilot THUMB Release/Vector_test.o
 .ARM.extab.text._ZL18test_operator_plusv
                0x080058b0        0xc AutoPilot THUMB Release/Vector_test.o
 *fill*         0x080058bc        0x4 
 .text._ZL32test_operator_multiply_by_scalarv
                0x080058c0      0x118 AutoPilot THUMB Release/Vector_test.o
 .ARM.extab.text._ZL32test_operator_multiply_by_scalarv
                0x080059d8        0xc AutoPilot THUMB Release/Vector_test.o
 *fill*         0x080059e4        0x4 
 .text._ZL14test_copy_ctorv
                0x080059e8      0x100 AutoPilot THUMB Release/Vector_test.o
 .ARM.extab.text._ZL14test_copy_ctorv
                0x08005ae8        0xc AutoPilot THUMB Release/Vector_test.o
 *fill*         0x08005af4        0x4 
 .text._ZL17test_default_ctorv
                0x08005af8       0xa8 AutoPilot THUMB Release/Vector_test.o
 .text._Z12Vector_testsv
                0x08005ba0        0x8 AutoPilot THUMB Release/Vector_test.o
                0x08005ba0                Vector_tests()
 .text._ZN8AircraftC2EP10SensorTaskP10PwmCaptureP6PwmGen
                0x08005ba8       0x14 AutoPilot THUMB Release/Aircraft.o
                0x08005ba8                Aircraft::Aircraft(SensorTask*, PwmCapture*, PwmGen*)
                0x08005ba8                Aircraft::Aircraft(SensorTask*, PwmCapture*, PwmGen*)
 .text._ZN13AltimeterTaskC2EPv
                0x08005bbc       0x54 AutoPilot THUMB Release/AltimeterTask.o
                0x08005bbc                AltimeterTask::AltimeterTask(void*)
                0x08005bbc                AltimeterTask::AltimeterTask(void*)
 .ARM.extab.text._ZN13AltimeterTaskC2EPv
                0x08005c10       0x1c AutoPilot THUMB Release/AltimeterTask.o
 .text._ZN13AltimeterTask6initIOEv
                0x08005c2c       0x94 AutoPilot THUMB Release/AltimeterTask.o
                0x08005c2c                AltimeterTask::initIO()
 .text._ZN13AltimeterTask11readCalDataEv
                0x08005cc0      0x110 AutoPilot THUMB Release/AltimeterTask.o
                0x08005cc0                AltimeterTask::readCalData()
 .text._ZN13AltimeterTask4initEv
                0x08005dd0       0x10 AutoPilot THUMB Release/AltimeterTask.o
                0x08005dd0                AltimeterTask::init()
 .text._ZN13AltimeterTask15measureAltitudeEv
                0x08005de0      0x204 AutoPilot THUMB Release/AltimeterTask.o
                0x08005de0                AltimeterTask::measureAltitude()
 .ARM.extab.text._ZN13AltimeterTask15measureAltitudeEv
                0x08005fe4       0x50 AutoPilot THUMB Release/AltimeterTask.o
 .text._ZN13AltimeterTask4taskEv
                0x08006034       0x4c AutoPilot THUMB Release/AltimeterTask.o
                0x08006034                AltimeterTask::task()
 .ARM.extab.text._ZN13AltimeterTask4taskEv
                0x08006080        0xc AutoPilot THUMB Release/AltimeterTask.o
 .text._ZN13AltimeterTask18getAltimeterSampleEPf
                0x0800608c       0x10 AutoPilot THUMB Release/AltimeterTask.o
                0x0800608c                AltimeterTask::getAltimeterSample(float*)
 .ARM.extab.text._ZN13AltimeterTask18getAltimeterSampleEPf
                0x0800609c        0xc AutoPilot THUMB Release/AltimeterTask.o
 .text._ZN3CLIC2Ev
                0x080060a8       0x10 AutoPilot THUMB Release/cli.o
                0x080060a8                CLI::CLI()
                0x080060a8                CLI::CLI()
 .text._ZN3CLI12initCliUsartEv
                0x080060b8       0xb0 AutoPilot THUMB Release/cli.o
                0x080060b8                CLI::initCliUsart()
 .text._ZN3CLI4initEv
                0x08006168       0x18 AutoPilot THUMB Release/cli.o
                0x08006168                CLI::init()
 .text._ZN3CLI13dumpUsageStmtEv
                0x08006180       0x68 AutoPilot THUMB Release/cli.o
                0x08006180                CLI::dumpUsageStmt()
 .ARM.extab.text._ZN3CLI13dumpUsageStmtEv
                0x080061e8        0xc AutoPilot THUMB Release/cli.o
 .text._ZN3CLI14processCommandEPc
                0x080061f4      0x314 AutoPilot THUMB Release/cli.o
                0x080061f4                CLI::processCommand(char*)
 .text._ZN3CLI10irqHandlerEv
                0x08006508       0xf8 AutoPilot THUMB Release/cli.o
                0x08006508                CLI::irqHandler()
 .text.USART1_IRQHandler
                0x08006600       0x14 AutoPilot THUMB Release/cli.o
                0x08006600                USART1_IRQHandler
 .ARM.extab.text.USART1_IRQHandler
                0x08006614        0xc AutoPilot THUMB Release/cli.o
 .text._ZN3CLI13setSensorTaskEP10SensorTask
                0x08006620        0x8 AutoPilot THUMB Release/cli.o
                0x08006620                CLI::setSensorTask(SensorTask*)
 .text._ZN9PidConfigC2Ev
                0x08006628        0x4 AutoPilot THUMB Release/config.o
                0x08006628                PidConfig::PidConfig()
                0x08006628                PidConfig::PidConfig()
 .text._ZN6Config12loadDefaultsEv
                0x0800662c       0x88 AutoPilot THUMB Release/config.o
                0x0800662c                Config::loadDefaults()
 .text._ZN6Config19loadConfigFromFlashEv
                0x080066b4       0x50 AutoPilot THUMB Release/config.o
                0x080066b4                Config::loadConfigFromFlash()
 .text._ZN6Config17saveConfigToFlashEv
                0x08006704       0xa4 AutoPilot THUMB Release/config.o
                0x08006704                Config::saveConfigToFlash()
 .text._ZN6Config19getAircraftTypeNameE12AircraftType
                0x080067a8       0x20 AutoPilot THUMB Release/config.o
                0x080067a8                Config::getAircraftTypeName(AircraftType)
 .text._ZN6Config11printConfigEv
                0x080067c8      0x180 AutoPilot THUMB Release/config.o
                0x080067c8                Config::printConfig()
 .text._ZN6Config13processGetSetEPcS0_S0_S0_
                0x08006948      0x254 AutoPilot THUMB Release/config.o
                0x08006948                Config::processGetSet(char*, char*, char*, char*)
 .text._ZN6Config19setUseTestFlashBankEb
                0x08006b9c       0x20 AutoPilot THUMB Release/config.o
                0x08006b9c                Config::setUseTestFlashBank(bool)
 .text._ZN6Config10loadLatestEv
                0x08006bbc       0x14 AutoPilot THUMB Release/config.o
                0x08006bbc                Config::loadLatest()
 .text._ZN6ConfigC2Ev
                0x08006bd0       0x20 AutoPilot THUMB Release/config.o
                0x08006bd0                Config::Config()
                0x08006bd0                Config::Config()
 .text._ZN6Config11getInstanceEv
                0x08006bf0       0x2c AutoPilot THUMB Release/config.o
                0x08006bf0                Config::getInstance()
 .text._ZN6Config16isConsoleEnabledEv
                0x08006c1c        0x8 AutoPilot THUMB Release/config.o
                0x08006c1c                Config::isConsoleEnabled()
 .text._ZN6Config17setConsoleEnabledEb
                0x08006c24        0x8 AutoPilot THUMB Release/config.o
                0x08006c24                Config::setConsoleEnabled(bool)
 .text._ZNK11stlpmtx_std17__Named_exception4whatEv
                0x08006c2c        0x8 AutoPilot THUMB Release/ControlTask.o
                0x08006c2c                stlpmtx_std::__Named_exception::what() const
 .ARM.extab.text._ZNK11stlpmtx_std17__Named_exception4whatEv
                0x08006c34        0x0 AutoPilot THUMB Release/ControlTask.o
 .text._ZN11stlpmtx_std17__Named_exceptionD2Ev
                0x08006c34       0x24 AutoPilot THUMB Release/ControlTask.o
                0x08006c34                stlpmtx_std::__Named_exception::~__Named_exception()
                0x08006c34                stlpmtx_std::__Named_exception::~__Named_exception()
 .ARM.extab.text._ZN11stlpmtx_std17__Named_exceptionD2Ev
                0x08006c58        0x0 AutoPilot THUMB Release/ControlTask.o
 .text._ZN11stlpmtx_std12length_errorD2Ev
                0x08006c58       0x24 AutoPilot THUMB Release/ControlTask.o
                0x08006c58                stlpmtx_std::length_error::~length_error()
                0x08006c58                stlpmtx_std::length_error::~length_error()
 .ARM.extab.text._ZN11stlpmtx_std12length_errorD2Ev
                0x08006c7c        0x0 AutoPilot THUMB Release/ControlTask.o
 .text._ZN11stlpmtx_std17__Named_exceptionD0Ev
                0x08006c7c       0x2c AutoPilot THUMB Release/ControlTask.o
                0x08006c7c                stlpmtx_std::__Named_exception::~__Named_exception()
 .ARM.extab.text._ZN11stlpmtx_std17__Named_exceptionD0Ev
                0x08006ca8        0x0 AutoPilot THUMB Release/ControlTask.o
 .text._ZN11stlpmtx_std12length_errorD0Ev
                0x08006ca8       0x2c AutoPilot THUMB Release/ControlTask.o
                0x08006ca8                stlpmtx_std::length_error::~length_error()
 .ARM.extab.text._ZN11stlpmtx_std12length_errorD0Ev
                0x08006cd4        0x0 AutoPilot THUMB Release/ControlTask.o
 .text._ZN11ControlTaskC2EP10SensorTask
                0x08006cd4       0x50 AutoPilot THUMB Release/ControlTask.o
                0x08006cd4                ControlTask::ControlTask(SensorTask*)
                0x08006cd4                ControlTask::ControlTask(SensorTask*)
 .ARM.extab.text._ZN11ControlTaskC2EP10SensorTask
                0x08006d24       0x20 AutoPilot THUMB Release/ControlTask.o
 .text._ZN11ControlTask4initEv
                0x08006d44        0x4 AutoPilot THUMB Release/ControlTask.o
                0x08006d44                ControlTask::init()
 .text._ZN11ControlTask26isStartingControlledFlightE12ControlStateS0_bb
                0x08006d48       0x24 AutoPilot THUMB Release/ControlTask.o
                0x08006d48                ControlTask::isStartingControlledFlight(ControlState, ControlState, bool, bool)
 .text._ZN11ControlTask12processStateE12ControlState
                0x08006d6c       0x38 AutoPilot THUMB Release/ControlTask.o
                0x08006d6c                ControlTask::processState(ControlState)
 .ARM.extab.text._ZN11ControlTask12processStateE12ControlState
                0x08006da4        0xc AutoPilot THUMB Release/ControlTask.o
 .text._ZN11ControlTask24getRequestedControlStateEv
                0x08006db0       0x34 AutoPilot THUMB Release/ControlTask.o
                0x08006db0                ControlTask::getRequestedControlState()
 .text._ZN11ControlTask16controlGyroDriftEv
                0x08006de4       0x2c AutoPilot THUMB Release/ControlTask.o
                0x08006de4                ControlTask::controlGyroDrift()
 .text._ZN11ControlTask19instantiateAircraftEv
                0x08006e10       0x58 AutoPilot THUMB Release/ControlTask.o
                0x08006e10                ControlTask::instantiateAircraft()
 .ARM.extab.text._ZN11ControlTask19instantiateAircraftEv
                0x08006e68       0x18 AutoPilot THUMB Release/ControlTask.o
 .text._ZN11stlpmtx_std4priv12_String_baseIcNS_9allocatorIcEEE19_M_deallocate_blockEv
                0x08006e80       0x14 AutoPilot THUMB Release/ControlTask.o
                0x08006e80                stlpmtx_std::priv::_String_base<char, stlpmtx_std::allocator<char> >::_M_deallocate_block()
 .ARM.extab.text._ZN11stlpmtx_std4priv12_String_baseIcNS_9allocatorIcEEE19_M_deallocate_blockEv
                0x08006e94        0x0 AutoPilot THUMB Release/ControlTask.o
 .text._ZN11stlpmtx_std4priv12_String_baseIcNS_9allocatorIcEEE17_M_allocate_blockEj
                0x08006e94       0x28 AutoPilot THUMB Release/ControlTask.o
                0x08006e94                stlpmtx_std::priv::_String_base<char, stlpmtx_std::allocator<char> >::_M_allocate_block(unsigned int)
 .ARM.extab.text._ZN11stlpmtx_std4priv12_String_baseIcNS_9allocatorIcEEE17_M_allocate_blockEj
                0x08006ebc        0x0 AutoPilot THUMB Release/ControlTask.o
 .text._ZN11stlpmtx_std12basic_stringIcNS_11char_traitsIcEENS_9allocatorIcEEEC2EPKcRKS4_
                0x08006ebc       0x44 AutoPilot THUMB Release/ControlTask.o
                0x08006ebc                stlpmtx_std::basic_string<char, stlpmtx_std::char_traits<char>, stlpmtx_std::allocator<char> >::basic_string(char const*, stlpmtx_std::allocator<char> const&)
                0x08006ebc                stlpmtx_std::basic_string<char, stlpmtx_std::char_traits<char>, stlpmtx_std::allocator<char> >::basic_string(char const*, stlpmtx_std::allocator<char> const&)
 .ARM.extab.text._ZN11stlpmtx_std12basic_stringIcNS_11char_traitsIcEENS_9allocatorIcEEEC2EPKcRKS4_
                0x08006f00       0x14 AutoPilot THUMB Release/ControlTask.o
 .text._ZN11stlpmtx_std24__stl_throw_length_errorEPKc
                0x08006f14       0x94 AutoPilot THUMB Release/ControlTask.o
                0x08006f14                stlpmtx_std::__stl_throw_length_error(char const*)
 .ARM.extab.text._ZN11stlpmtx_std24__stl_throw_length_errorEPKc
                0x08006fa8       0x14 AutoPilot THUMB Release/ControlTask.o
 .text._ZN11ControlTask20getControlStateLabelE12ControlState
                0x08006fbc       0x5c AutoPilot THUMB Release/ControlTask.o
                0x08006fbc                ControlTask::getControlStateLabel(ControlState)
 .text._ZN11stlpmtx_std12basic_stringIcNS_11char_traitsIcEENS_9allocatorIcEEE9_M_appendEPKcS7_
                0x08007018       0xf8 AutoPilot THUMB Release/ControlTask.o
                0x08007018                stlpmtx_std::basic_string<char, stlpmtx_std::char_traits<char>, stlpmtx_std::allocator<char> >::_M_append(char const*, char const*)
 .ARM.extab.text._ZN11stlpmtx_std12basic_stringIcNS_11char_traitsIcEENS_9allocatorIcEEE9_M_appendEPKcS7_
                0x08007110        0x0 AutoPilot THUMB Release/ControlTask.o
 .text._ZN11ControlTask12getNextStateE12ControlStateS0_bb
                0x08007110      0x37c AutoPilot THUMB Release/ControlTask.o
                0x08007110                ControlTask::getNextState(ControlState, ControlState, bool, bool)
 .ARM.extab.text._ZN11ControlTask12getNextStateE12ControlStateS0_bb
                0x0800748c       0x54 AutoPilot THUMB Release/ControlTask.o
 .text._ZN11ControlTask4taskEv
                0x080074e0       0x9c AutoPilot THUMB Release/ControlTask.o
                0x080074e0                ControlTask::task()
 .text._ZN9GpsSampleC2EP6VectorS1_j
                0x0800757c       0x4c AutoPilot THUMB Release/GpsTask.o
                0x0800757c                GpsSample::GpsSample(Vector*, Vector*, unsigned int)
                0x0800757c                GpsSample::GpsSample(Vector*, Vector*, unsigned int)
 .ARM.extab.text._ZN9GpsSampleC2EP6VectorS1_j
                0x080075c8       0x20 AutoPilot THUMB Release/GpsTask.o
 .text._ZN9GpsSampleC2EPS_
                0x080075e8       0x48 AutoPilot THUMB Release/GpsTask.o
                0x080075e8                GpsSample::GpsSample(GpsSample*)
                0x080075e8                GpsSample::GpsSample(GpsSample*)
 .ARM.extab.text._ZN9GpsSampleC2EPS_
                0x08007630       0x20 AutoPilot THUMB Release/GpsTask.o
 .text._ZN9GpsSampleD2Ev
                0x08007650       0x14 AutoPilot THUMB Release/GpsTask.o
                0x08007650                GpsSample::~GpsSample()
                0x08007650                GpsSample::~GpsSample()
 .text._ZN9GpsSample14getNewPositionEv
                0x08007664       0x24 AutoPilot THUMB Release/GpsTask.o
                0x08007664                GpsSample::getNewPosition()
 .ARM.extab.text._ZN9GpsSample14getNewPositionEv
                0x08007688       0x18 AutoPilot THUMB Release/GpsTask.o
 .text._ZN9GpsSample14getNewVelocityEv
                0x080076a0       0x24 AutoPilot THUMB Release/GpsTask.o
                0x080076a0                GpsSample::getNewVelocity()
 .ARM.extab.text._ZN9GpsSample14getNewVelocityEv
                0x080076c4       0x18 AutoPilot THUMB Release/GpsTask.o
 .text._ZN9GpsSample12getTimestampEv
                0x080076dc        0x4 AutoPilot THUMB Release/GpsTask.o
                0x080076dc                GpsSample::getTimestamp()
 .text._ZN7GpsTaskC2Ev
                0x080076e0       0x54 AutoPilot THUMB Release/GpsTask.o
                0x080076e0                GpsTask::GpsTask()
                0x080076e0                GpsTask::GpsTask()
 .ARM.extab.text._ZN7GpsTaskC2Ev
                0x08007734       0x14 AutoPilot THUMB Release/GpsTask.o
 .text._ZN7GpsTaskD2Ev
                0x08007748       0x34 AutoPilot THUMB Release/GpsTask.o
                0x08007748                GpsTask::~GpsTask()
                0x08007748                GpsTask::~GpsTask()
 .ARM.extab.text._ZN7GpsTaskD2Ev
                0x0800777c        0xc AutoPilot THUMB Release/GpsTask.o
 .text._ZN7GpsTask12initGpsUsartEv
                0x08007788       0x88 AutoPilot THUMB Release/GpsTask.o
                0x08007788                GpsTask::initGpsUsart()
 .text._ZN7GpsTask10irqHandlerEv
                0x08007810       0x8c AutoPilot THUMB Release/GpsTask.o
                0x08007810                GpsTask::irqHandler()
 .text.USART3_IRQHandler
                0x0800789c       0x14 AutoPilot THUMB Release/GpsTask.o
                0x0800789c                USART3_IRQHandler
 .ARM.extab.text.USART3_IRQHandler
                0x080078b0        0xc AutoPilot THUMB Release/GpsTask.o
 .text._ZN7GpsTask8sendCharEc
                0x080078bc       0x24 AutoPilot THUMB Release/GpsTask.o
                0x080078bc                GpsTask::sendChar(char)
 .text._ZN7GpsTask7sendStrEPKcj
                0x080078e0       0x1c AutoPilot THUMB Release/GpsTask.o
                0x080078e0                GpsTask::sendStr(char const*, unsigned int)
 .text._ZN7GpsTask12calcChecksumEPKcj
                0x080078fc       0x20 AutoPilot THUMB Release/GpsTask.o
                0x080078fc                GpsTask::calcChecksum(char const*, unsigned int)
 .text._ZN7GpsTask7initGpsEv
                0x0800791c      0x16c AutoPilot THUMB Release/GpsTask.o
                0x0800791c                GpsTask::initGps()
 .text._ZN7GpsTask4initEv
                0x08007a88       0x10 AutoPilot THUMB Release/GpsTask.o
                0x08007a88                GpsTask::init()
 .text._ZN7GpsTask8isLockedEv
                0x08007a98       0x10 AutoPilot THUMB Release/GpsTask.o
                0x08007a98                GpsTask::isLocked()
 .text._ZN7GpsTask19calculateSampleDataEj
                0x08007aa8      0x170 AutoPilot THUMB Release/GpsTask.o
                0x08007aa8                GpsTask::calculateSampleData(unsigned int)
 .ARM.extab.text._ZN7GpsTask19calculateSampleDataEj
                0x08007c18       0x20 AutoPilot THUMB Release/GpsTask.o
 .text._ZN7GpsTask11parsePacketEPKc
                0x08007c38      0x154 AutoPilot THUMB Release/GpsTask.o
                0x08007c38                GpsTask::parsePacket(char const*)
 .text._ZN7GpsTask4taskEv
                0x08007d8c       0x2c AutoPilot THUMB Release/GpsTask.o
                0x08007d8c                GpsTask::task()
 .text._ZN7GpsTask12getNewSampleEv
                0x08007db8       0x5c AutoPilot THUMB Release/GpsTask.o
                0x08007db8                GpsTask::getNewSample()
 .ARM.extab.text._ZN7GpsTask12getNewSampleEv
                0x08007e14       0x18 AutoPilot THUMB Release/GpsTask.o
 .text._ZN7GpsTask10markOriginEv
                0x08007e2c       0x14 AutoPilot THUMB Release/GpsTask.o
                0x08007e2c                GpsTask::markOrigin()
 .text._ZN10Helicopter27updateFullClosedLoopControlEv
                0x08007e40        0xc AutoPilot THUMB Release/Helicopter.o
                0x08007e40                Helicopter::updateFullClosedLoopControl()
 .ARM.extab.text._ZN10Helicopter27updateFullClosedLoopControlEv
                0x08007e4c        0xc AutoPilot THUMB Release/Helicopter.o
 .text._ZN10Helicopter37updateSemiAutonomousClosedLoopControlEv
                0x08007e58        0xc AutoPilot THUMB Release/Helicopter.o
                0x08007e58                Helicopter::updateSemiAutonomousClosedLoopControl()
 .ARM.extab.text._ZN10Helicopter37updateSemiAutonomousClosedLoopControlEv
                0x08007e64        0xc AutoPilot THUMB Release/Helicopter.o
 .text._ZN10Helicopter4initEv
                0x08007e70       0x60 AutoPilot THUMB Release/Helicopter.o
                0x08007e70                Helicopter::init()
 .ARM.extab.text._ZN10Helicopter4initEv
                0x08007ed0       0x28 AutoPilot THUMB Release/Helicopter.o
 .text._ZN10Helicopter16isLoggingEnabledEv
                0x08007ef8       0x34 AutoPilot THUMB Release/Helicopter.o
                0x08007ef8                Helicopter::isLoggingEnabled()
 .text._ZN10HelicopterC2EP10SensorTaskP10PwmCaptureP6PwmGen
                0x08007f2c       0x94 AutoPilot THUMB Release/Helicopter.o
                0x08007f2c                Helicopter::Helicopter(SensorTask*, PwmCapture*, PwmGen*)
                0x08007f2c                Helicopter::Helicopter(SensorTask*, PwmCapture*, PwmGen*)
 .text._ZN10HelicopterD2Ev
                0x08007fc0       0x28 AutoPilot THUMB Release/Helicopter.o
                0x08007fc0                Helicopter::~Helicopter()
                0x08007fc0                Helicopter::~Helicopter()
 .text._ZN10Helicopter15ccpmPwmGenerateEP6PwmGenfff
                0x08007fe8       0x8c AutoPilot THUMB Release/Helicopter.o
                0x08007fe8                Helicopter::ccpmPwmGenerate(PwmGen*, float, float, float)
 .ARM.extab.text._ZN10Helicopter15ccpmPwmGenerateEP6PwmGenfff
                0x08008074        0xc AutoPilot THUMB Release/Helicopter.o
 .text._ZN10Helicopter32updatePassThroughOpenLoopControlEv
                0x08008080       0xcc AutoPilot THUMB Release/Helicopter.o
                0x08008080                Helicopter::updatePassThroughOpenLoopControl()
 .ARM.extab.text._ZN10Helicopter32updatePassThroughOpenLoopControlEv
                0x0800814c        0xc AutoPilot THUMB Release/Helicopter.o
 .text._ZN10Helicopter31updateGyroOnlyClosedLoopControlEv
                0x08008158      0x1a8 AutoPilot THUMB Release/Helicopter.o
                0x08008158                Helicopter::updateGyroOnlyClosedLoopControl()
 .ARM.extab.text._ZN10Helicopter31updateGyroOnlyClosedLoopControlEv
                0x08008300        0xc AutoPilot THUMB Release/Helicopter.o
 .text._ZN10Helicopter10isHoveringEv
                0x0800830c       0x3c AutoPilot THUMB Release/Helicopter.o
                0x0800830c                Helicopter::isHovering()
 .text._ZN10Helicopter29getNewAttitudeForGyroFeedbackEv
                0x08008348       0x60 AutoPilot THUMB Release/Helicopter.o
                0x08008348                Helicopter::getNewAttitudeForGyroFeedback()
 .ARM.extab.text._ZN10Helicopter29getNewAttitudeForGyroFeedbackEv
                0x080083a8       0x18 AutoPilot THUMB Release/Helicopter.o
 .text._ZN3I2CC2EP11I2C_TypeDefh
                0x080083c0        0x8 AutoPilot THUMB Release/I2C.o
                0x080083c0                I2C::I2C(I2C_TypeDef*, unsigned char)
                0x080083c0                I2C::I2C(I2C_TypeDef*, unsigned char)
 .text._ZN3I2C5startEh
                0x080083c8      0x11c AutoPilot THUMB Release/I2C.o
                0x080083c8                I2C::start(unsigned char)
 .text._ZN3I2C5writeEh
                0x080084e4       0x50 AutoPilot THUMB Release/I2C.o
                0x080084e4                I2C::write(unsigned char)
 .text._ZN3I2C8read_ackEv
                0x08008534       0x58 AutoPilot THUMB Release/I2C.o
                0x08008534                I2C::read_ack()
 .text._ZN3I2C9read_nackEv
                0x0800858c       0x6c AutoPilot THUMB Release/I2C.o
                0x0800858c                I2C::read_nack()
 .text._ZN3I2C4stopEv
                0x080085f8        0xc AutoPilot THUMB Release/I2C.o
                0x080085f8                I2C::stop()
 .ARM.extab.text._ZN3I2C4stopEv
                0x08008604        0xc AutoPilot THUMB Release/I2C.o
 .text._ZN3I2C5writeEhhPh
                0x08008610       0x40 AutoPilot THUMB Release/I2C.o
                0x08008610                I2C::write(unsigned char, unsigned char, unsigned char*)
 .text._ZN3I2C4readEhhPh
                0x08008650       0x54 AutoPilot THUMB Release/I2C.o
                0x08008650                I2C::read(unsigned char, unsigned char, unsigned char*)
 .text._ZN3I2C5writeEhh
                0x080086a4       0x18 AutoPilot THUMB Release/I2C.o
                0x080086a4                I2C::write(unsigned char, unsigned char)
 .text._ZN3I2C4readEh
                0x080086bc       0x18 AutoPilot THUMB Release/I2C.o
                0x080086bc                I2C::read(unsigned char)
 .text._ZN10ImuMessage7getSizeEv
                0x080086d4        0x4 AutoPilot THUMB Release/IMU.o
                0x080086d4                ImuMessage::getSize()
 .text._ZN10ImuMessage12getShortTypeEv
                0x080086d8        0x8 AutoPilot THUMB Release/IMU.o
                0x080086d8                ImuMessage::getShortType()
 .text._ZN10ImuMessageD2Ev
                0x080086e0       0x14 AutoPilot THUMB Release/IMU.o
                0x080086e0                ImuMessage::~ImuMessage()
                0x080086e0                ImuMessage::~ImuMessage()
 .ARM.extab.text._ZN10ImuMessageD2Ev
                0x080086f4        0x0 AutoPilot THUMB Release/IMU.o
 .text._ZN10ImuMessageD0Ev
                0x080086f4       0x1c AutoPilot THUMB Release/IMU.o
                0x080086f4                ImuMessage::~ImuMessage()
 .ARM.extab.text._ZN10ImuMessageD0Ev
                0x08008710        0x0 AutoPilot THUMB Release/IMU.o
 .text._ZN3IMU16configureImuCommEv
                0x08008710      0x120 AutoPilot THUMB Release/IMU.o
                0x08008710                IMU::configureImuComm()
 .ARM.extab.text._ZN3IMU16configureImuCommEv
                0x08008830       0x4c AutoPilot THUMB Release/IMU.o
 .text._ZN3IMU7initImuEv
                0x0800887c      0x1b0 AutoPilot THUMB Release/IMU.o
                0x0800887c                IMU::initImu()
 .ARM.extab.text._ZN3IMU7initImuEv
                0x08008a2c       0x50 AutoPilot THUMB Release/IMU.o
 .text._ZN3IMU13initInterruptEv
                0x08008a7c       0x78 AutoPilot THUMB Release/IMU.o
                0x08008a7c                IMU::initInterrupt()
 *fill*         0x08008af4        0x4 
 .text._ZN3IMU10irqHandlerEv
                0x08008af8      0x318 AutoPilot THUMB Release/IMU.o
                0x08008af8                IMU::irqHandler()
 .ARM.extab.text._ZN3IMU10irqHandlerEv
                0x08008e10       0x54 AutoPilot THUMB Release/IMU.o
 .text.EXTI9_5_IRQHandler
                0x08008e64       0x30 AutoPilot THUMB Release/IMU.o
                0x08008e64                EXTI9_5_IRQHandler
 .ARM.extab.text.EXTI9_5_IRQHandler
                0x08008e94        0xc AutoPilot THUMB Release/IMU.o
 .text._ZN3IMU9getSampleEv
                0x08008ea0       0x10 AutoPilot THUMB Release/IMU.o
                0x08008ea0                IMU::getSample()
 .text._ZN9ImuSampleC2Effffffffff
                0x08008eb0       0x28 AutoPilot THUMB Release/IMU.o
                0x08008eb0                ImuSample::ImuSample(float, float, float, float, float, float, float, float, float, float)
                0x08008eb0                ImuSample::ImuSample(float, float, float, float, float, float, float, float, float, float)
 .text._ZN3IMU9calibrateEv
                0x08008ed8      0x130 AutoPilot THUMB Release/IMU.o
                0x08008ed8                IMU::calibrate()
 .ARM.extab.text._ZN3IMU9calibrateEv
                0x08009008        0xc AutoPilot THUMB Release/IMU.o
 .text._ZN3IMU4initEv
                0x08009014       0x68 AutoPilot THUMB Release/IMU.o
                0x08009014                IMU::init()
 .text._ZN9ImuSampleC2EPS_
                0x0800907c       0x2c AutoPilot THUMB Release/IMU.o
                0x0800907c                ImuSample::ImuSample(ImuSample*)
                0x0800907c                ImuSample::ImuSample(ImuSample*)
 .text._ZN3IMUC2EPv
                0x080090a8       0x80 AutoPilot THUMB Release/IMU.o
                0x080090a8                IMU::IMU(void*)
                0x080090a8                IMU::IMU(void*)
 .ARM.extab.text._ZN3IMUC2EPv
                0x08009128       0x20 AutoPilot THUMB Release/IMU.o
 .text._ZN9ImuSampleC2Ev
                0x08009148        0x4 AutoPilot THUMB Release/IMU.o
                0x08009148                ImuSample::ImuSample()
                0x08009148                ImuSample::ImuSample()
 .text._ZN9ImuSample27getNewLinearAccelerationMpsEv
                0x0800914c       0x40 AutoPilot THUMB Release/IMU.o
                0x0800914c                ImuSample::getNewLinearAccelerationMps()
 .ARM.extab.text._ZN9ImuSample27getNewLinearAccelerationMpsEv
                0x0800918c       0x18 AutoPilot THUMB Release/IMU.o
 .text._ZN9ImuSample24getNewAngularVelocityRpsEv
                0x080091a4       0x40 AutoPilot THUMB Release/IMU.o
                0x080091a4                ImuSample::getNewAngularVelocityRps()
 .ARM.extab.text._ZN9ImuSample24getNewAngularVelocityRpsEv
                0x080091e4       0x18 AutoPilot THUMB Release/IMU.o
 .text._ZN9ImuSample26getCompassAngleRadiansCCwNEv
                0x080091fc       0x7c AutoPilot THUMB Release/IMU.o
                0x080091fc                ImuSample::getCompassAngleRadiansCCwN()
 .text._ZN9ImuSample23convertToReferenceFrameEP10Quaternion
                0x08009278       0x68 AutoPilot THUMB Release/IMU.o
                0x08009278                ImuSample::convertToReferenceFrame(Quaternion*)
 .text._ZN10ImuMessageC2EP9ImuSample
                0x080092e0       0x38 AutoPilot THUMB Release/IMU.o
                0x080092e0                ImuMessage::ImuMessage(ImuSample*)
                0x080092e0                ImuMessage::ImuMessage(ImuSample*)
 .text._ZN10ImuMessage9_toStringEPctPKc
                0x08009318       0x94 AutoPilot THUMB Release/IMU.o
                0x08009318                ImuMessage::_toString(char*, unsigned short, char const*)
 .text._ZN10ImuMessage8toStringEPct
                0x080093ac       0x10 AutoPilot THUMB Release/IMU.o
                0x080093ac                ImuMessage::toString(char*, unsigned short)
 .text._ZN10ImuMessage12toDataStringEPct
                0x080093bc       0x10 AutoPilot THUMB Release/IMU.o
                0x080093bc                ImuMessage::toDataString(char*, unsigned short)
 .text._ZN25KinematicsEstimateMessage7getSizeEv
                0x080093cc        0x4 AutoPilot THUMB Release/Kinematics.o
                0x080093cc                KinematicsEstimateMessage::getSize()
 .text._ZN25KinematicsEstimateMessage12getShortTypeEv
                0x080093d0        0x8 AutoPilot THUMB Release/Kinematics.o
                0x080093d0                KinematicsEstimateMessage::getShortType()
 .text._ZN25KinematicsEstimateMessageD2Ev
                0x080093d8       0x14 AutoPilot THUMB Release/Kinematics.o
                0x080093d8                KinematicsEstimateMessage::~KinematicsEstimateMessage()
                0x080093d8                KinematicsEstimateMessage::~KinematicsEstimateMessage()
 .ARM.extab.text._ZN25KinematicsEstimateMessageD2Ev
                0x080093ec        0x0 AutoPilot THUMB Release/Kinematics.o
 .text._ZN25KinematicsEstimateMessageD0Ev
                0x080093ec       0x1c AutoPilot THUMB Release/Kinematics.o
                0x080093ec                KinematicsEstimateMessage::~KinematicsEstimateMessage()
 .ARM.extab.text._ZN25KinematicsEstimateMessageD0Ev
                0x08009408        0x0 AutoPilot THUMB Release/Kinematics.o
 .text._ZN10KinematicsC2Ev
                0x08009408       0x78 AutoPilot THUMB Release/Kinematics.o
                0x08009408                Kinematics::Kinematics()
                0x08009408                Kinematics::Kinematics()
 .ARM.extab.text._ZN10KinematicsC2Ev
                0x08009480       0x28 AutoPilot THUMB Release/Kinematics.o
 .text._ZN10KinematicsC2EPK10QuaternionPK6VectorS5_
                0x080094a8       0xa4 AutoPilot THUMB Release/Kinematics.o
                0x080094a8                Kinematics::Kinematics(Quaternion const*, Vector const*, Vector const*)
                0x080094a8                Kinematics::Kinematics(Quaternion const*, Vector const*, Vector const*)
 .ARM.extab.text._ZN10KinematicsC2EPK10QuaternionPK6VectorS5_
                0x0800954c       0x2c AutoPilot THUMB Release/Kinematics.o
 .text._ZN10KinematicsD2Ev
                0x08009578       0x20 AutoPilot THUMB Release/Kinematics.o
                0x08009578                Kinematics::~Kinematics()
                0x08009578                Kinematics::~Kinematics()
 .ARM.extab.text._ZN10KinematicsD2Ev
                0x08009598        0xc AutoPilot THUMB Release/Kinematics.o
 .text._ZN10Kinematics9takeMutexEv
                0x080095a4       0x1c AutoPilot THUMB Release/Kinematics.o
                0x080095a4                Kinematics::takeMutex()
 .text._ZN10Kinematics9giveMutexEv
                0x080095c0       0x1c AutoPilot THUMB Release/Kinematics.o
                0x080095c0                Kinematics::giveMutex()
 .text._ZN10Kinematics11setDtSampleEf
                0x080095dc        0x8 AutoPilot THUMB Release/Kinematics.o
                0x080095dc                Kinematics::setDtSample(float)
 .text._ZN10Kinematics27setLinearAccelerationSampleEPK6Vector
                0x080095e4       0x34 AutoPilot THUMB Release/Kinematics.o
                0x080095e4                Kinematics::setLinearAccelerationSample(Vector const*)
 .ARM.extab.text._ZN10Kinematics27setLinearAccelerationSampleEPK6Vector
                0x08009618       0x18 AutoPilot THUMB Release/Kinematics.o
 .text._ZN10Kinematics24setAngularVelocitySampleEPK6Vector
                0x08009630       0x34 AutoPilot THUMB Release/Kinematics.o
                0x08009630                Kinematics::setAngularVelocitySample(Vector const*)
 .ARM.extab.text._ZN10Kinematics24setAngularVelocitySampleEPK6Vector
                0x08009664       0x18 AutoPilot THUMB Release/Kinematics.o
 .text._ZN10Kinematics27getNewAngularVelocitySampleEv
                0x0800967c       0x2c AutoPilot THUMB Release/Kinematics.o
                0x0800967c                Kinematics::getNewAngularVelocitySample()
 .ARM.extab.text._ZN10Kinematics27getNewAngularVelocitySampleEv
                0x080096a8       0x18 AutoPilot THUMB Release/Kinematics.o
 .text._ZN10Kinematics13processSampleEv
                0x080096c0       0xcc AutoPilot THUMB Release/Kinematics.o
                0x080096c0                Kinematics::processSample()
 .text._ZN10Kinematics18setAltimeterSampleEf
                0x0800978c       0xb8 AutoPilot THUMB Release/Kinematics.o
                0x0800978c                Kinematics::setAltimeterSample(float)
 .text._ZN10Kinematics12setGpsSampleEP9GpsSample
                0x08009844       0xbc AutoPilot THUMB Release/Kinematics.o
                0x08009844                Kinematics::setGpsSample(GpsSample*)
 .text._ZN10Kinematics14getNewAttitudeEv
                0x08009900       0x24 AutoPilot THUMB Release/Kinematics.o
                0x08009900                Kinematics::getNewAttitude()
 .ARM.extab.text._ZN10Kinematics14getNewAttitudeEv
                0x08009924       0x18 AutoPilot THUMB Release/Kinematics.o
 .text._ZN10Kinematics14getNewVelocityEv
                0x0800993c       0x24 AutoPilot THUMB Release/Kinematics.o
                0x0800993c                Kinematics::getNewVelocity()
 .ARM.extab.text._ZN10Kinematics14getNewVelocityEv
                0x08009960       0x18 AutoPilot THUMB Release/Kinematics.o
 .text._ZN10Kinematics14getNewPositionEv
                0x08009978       0x24 AutoPilot THUMB Release/Kinematics.o
                0x08009978                Kinematics::getNewPosition()
 .ARM.extab.text._ZN10Kinematics14getNewPositionEv
                0x0800999c       0x18 AutoPilot THUMB Release/Kinematics.o
 .text._ZN10Kinematics11setAltitudeEf
                0x080099b4        0x8 AutoPilot THUMB Release/Kinematics.o
                0x080099b4                Kinematics::setAltitude(float)
 .text._ZN10Kinematics28initialSetBearingRadiansCCwNEf
                0x080099bc       0x50 AutoPilot THUMB Release/Kinematics.o
                0x080099bc                Kinematics::initialSetBearingRadiansCCwN(float)
 .ARM.extab.text._ZN10Kinematics28initialSetBearingRadiansCCwNEf
                0x08009a0c        0xc AutoPilot THUMB Release/Kinematics.o
 .text._ZN10Kinematics24updateBearingRadiansCCwNEf
                0x08009a18       0x60 AutoPilot THUMB Release/Kinematics.o
                0x08009a18                Kinematics::updateBearingRadiansCCwN(float)
 .ARM.extab.text._ZN10Kinematics24updateBearingRadiansCCwNEf
                0x08009a78        0xc AutoPilot THUMB Release/Kinematics.o
 .text._ZN10Kinematics26updateAttitudeFromFeedbackEP10Quaternion
                0x08009a84       0x3c AutoPilot THUMB Release/Kinematics.o
                0x08009a84                Kinematics::updateAttitudeFromFeedback(Quaternion*)
 .text._ZN10Kinematics10markOriginEv
                0x08009ac0       0x58 AutoPilot THUMB Release/Kinematics.o
                0x08009ac0                Kinematics::markOrigin()
 .ARM.extab.text._ZN10Kinematics10markOriginEv
                0x08009b18       0x20 AutoPilot THUMB Release/Kinematics.o
 .text._ZN25KinematicsEstimateMessageC2Ef10Quaternion6VectorS1_
                0x08009b38       0x90 AutoPilot THUMB Release/Kinematics.o
                0x08009b38                KinematicsEstimateMessage::KinematicsEstimateMessage(float, Quaternion, Vector, Vector)
                0x08009b38                KinematicsEstimateMessage::KinematicsEstimateMessage(float, Quaternion, Vector, Vector)
 .ARM.extab.text._ZN25KinematicsEstimateMessageC2Ef10Quaternion6VectorS1_
                0x08009bc8       0x1c AutoPilot THUMB Release/Kinematics.o
 .text._ZN25KinematicsEstimateMessage9_toStringEPctPKc
                0x08009be4       0xa8 AutoPilot THUMB Release/Kinematics.o
                0x08009be4                KinematicsEstimateMessage::_toString(char*, unsigned short, char const*)
 .text._ZN25KinematicsEstimateMessage8toStringEPct
                0x08009c8c       0x10 AutoPilot THUMB Release/Kinematics.o
                0x08009c8c                KinematicsEstimateMessage::toString(char*, unsigned short)
 .ARM.extab.text._ZN25KinematicsEstimateMessage8toStringEPct
                0x08009c9c        0xc AutoPilot THUMB Release/Kinematics.o
 .text._ZN25KinematicsEstimateMessage12toDataStringEPct
                0x08009ca8       0x10 AutoPilot THUMB Release/Kinematics.o
                0x08009ca8                KinematicsEstimateMessage::toDataString(char*, unsigned short)
 .ARM.extab.text._ZN25KinematicsEstimateMessage12toDataStringEPct
                0x08009cb8        0xc AutoPilot THUMB Release/Kinematics.o
 .text._ZN4LEDsC2Ev
                0x08009cc4        0x4 AutoPilot THUMB Release/LEDs.o
                0x08009cc4                LEDs::LEDs()
                0x08009cc4                LEDs::LEDs()
 .text._ZN4LEDs6allOffEv
                0x08009cc8       0x14 AutoPilot THUMB Release/LEDs.o
                0x08009cc8                LEDs::allOff()
 .text._ZN4LEDs4initEv
                0x08009cdc       0x40 AutoPilot THUMB Release/LEDs.o
                0x08009cdc                LEDs::init()
 .text._ZN4LEDs11setRedStateEb
                0x08009d1c       0x18 AutoPilot THUMB Release/LEDs.o
                0x08009d1c                LEDs::setRedState(bool)
 .text._ZN4LEDs13setGreenStateEb
                0x08009d34       0x18 AutoPilot THUMB Release/LEDs.o
                0x08009d34                LEDs::setGreenState(bool)
 .text._ZN4LEDs12setBlueStateEb
                0x08009d4c       0x18 AutoPilot THUMB Release/LEDs.o
                0x08009d4c                LEDs::setBlueState(bool)
 .text._ZN10LogMessageD2Ev
                0x08009d64        0xc AutoPilot THUMB Release/Logger.o
                0x08009d64                LogMessage::~LogMessage()
                0x08009d64                LogMessage::~LogMessage()
 .text._ZN17Text100LogMessage7getSizeEv
                0x08009d70        0x4 AutoPilot THUMB Release/Logger.o
                0x08009d70                Text100LogMessage::getSize()
 .text._ZN17Text100LogMessage12getShortTypeEv
                0x08009d74        0x8 AutoPilot THUMB Release/Logger.o
                0x08009d74                Text100LogMessage::getShortType()
 .text._ZN17Text100LogMessageD2Ev
                0x08009d7c       0x14 AutoPilot THUMB Release/Logger.o
                0x08009d7c                Text100LogMessage::~Text100LogMessage()
                0x08009d7c                Text100LogMessage::~Text100LogMessage()
 .ARM.extab.text._ZN17Text100LogMessageD2Ev
                0x08009d90        0x0 AutoPilot THUMB Release/Logger.o
 .text._ZN10LogMessageD0Ev
                0x08009d90       0x14 AutoPilot THUMB Release/Logger.o
                0x08009d90                LogMessage::~LogMessage()
 .text._ZN17Text100LogMessageD0Ev
                0x08009da4       0x1c AutoPilot THUMB Release/Logger.o
                0x08009da4                Text100LogMessage::~Text100LogMessage()
 .ARM.extab.text._ZN17Text100LogMessageD0Ev
                0x08009dc0        0x0 AutoPilot THUMB Release/Logger.o
 .text._ZN17Text100LogMessage8toStringEPct
                0x08009dc0       0x1c AutoPilot THUMB Release/Logger.o
                0x08009dc0                Text100LogMessage::toString(char*, unsigned short)
 .text._ZN17Text100LogMessage12toDataStringEPct
                0x08009ddc       0x1c AutoPilot THUMB Release/Logger.o
                0x08009ddc                Text100LogMessage::toDataString(char*, unsigned short)
 .text._ZN10LogMessageC2Ev
                0x08009df8       0x18 AutoPilot THUMB Release/Logger.o
                0x08009df8                LogMessage::LogMessage()
                0x08009df8                LogMessage::LogMessage()
 .text._ZN17Text100LogMessageC2EPc
                0x08009e10       0x28 AutoPilot THUMB Release/Logger.o
                0x08009e10                Text100LogMessage::Text100LogMessage(char*)
                0x08009e10                Text100LogMessage::Text100LogMessage(char*)
 .text._ZN6Logger10testLoggerEv
                0x08009e38       0x54 AutoPilot THUMB Release/Logger.o
                0x08009e38                Logger::testLogger()
 .text._ZN6Logger4initEv
                0x08009e8c      0x3b8 AutoPilot THUMB Release/Logger.o
                0x08009e8c                Logger::init()
 .text._ZN6LoggerC2Ev
                0x0800a244        0x8 AutoPilot THUMB Release/Logger.o
                0x0800a244                Logger::Logger()
                0x0800a244                Logger::Logger()
 .text._ZN6Logger11getInstanceEv
                0x0800a24c       0x2c AutoPilot THUMB Release/Logger.o
                0x0800a24c                Logger::getInstance()
 .text._ZN6Logger5setIdEj
                0x0800a278        0x4 AutoPilot THUMB Release/Logger.o
                0x0800a278                Logger::setId(unsigned int)
 .text._ZN6Logger5getIdEv
                0x0800a27c        0x4 AutoPilot THUMB Release/Logger.o
                0x0800a27c                Logger::getId()
 .text._ZN6Logger10logMessageEP10LogMessage
                0x0800a280       0x50 AutoPilot THUMB Release/Logger.o
                0x0800a280                Logger::logMessage(LogMessage*)
 .text._ZN6Logger7dumpLogEPKc
                0x0800a2d0       0x84 AutoPilot THUMB Release/Logger.o
                0x0800a2d0                Logger::dumpLog(char const*)
 .text._ZN6Logger5clearEv
                0x0800a354        0x8 AutoPilot THUMB Release/Logger.o
                0x0800a354                Logger::clear()
 .text._ZN9TaskClass7taskfunEPv
                0x0800a35c       0x14 AutoPilot THUMB Release/main.o
                0x0800a35c                TaskClass::taskfun(void*)
 .ARM.extab.text._ZN9TaskClass7taskfunEPv
                0x0800a370        0x0 AutoPilot THUMB Release/main.o
 .text._Z20isDebugPrintfEnabledv
                0x0800a370       0x10 AutoPilot THUMB Release/main.o
                0x0800a370                isDebugPrintfEnabled()
 .ARM.extab.text._Z20isDebugPrintfEnabledv
                0x0800a380        0xc AutoPilot THUMB Release/main.o
 .text.__cxa_pure_virtual
                0x0800a38c        0x4 AutoPilot THUMB Release/main.o
                0x0800a38c                __cxa_pure_virtual
 .text.abort    0x0800a390        0x4 AutoPilot THUMB Release/main.o
                0x0800a390                abort
 .text.__putchar
                0x0800a394       0x24 AutoPilot THUMB Release/main.o
                0x0800a394                __putchar
 .text.HardFault_Handler
                0x0800a3b8       0x1c AutoPilot THUMB Release/main.o
                0x0800a3b8                HardFault_Handler
 .text.HardFault_HandlerC
                0x0800a3d4       0x48 AutoPilot THUMB Release/main.o
                0x0800a3d4                HardFault_HandlerC
 .text.vApplicationMallocFailedHook
                0x0800a41c        0x8 AutoPilot THUMB Release/main.o
                0x0800a41c                vApplicationMallocFailedHook
 .ARM.extab.text.vApplicationMallocFailedHook
                0x0800a424        0xc AutoPilot THUMB Release/main.o
 .text.vApplicationStackOverflowHook
                0x0800a430        0x8 AutoPilot THUMB Release/main.o
                0x0800a430                vApplicationStackOverflowHook
 .ARM.extab.text.vApplicationStackOverflowHook
                0x0800a438        0xc AutoPilot THUMB Release/main.o
 .text.__heap_lock
                0x0800a444       0x28 AutoPilot THUMB Release/main.o
                0x0800a444                __heap_lock
 .ARM.extab.text.__heap_lock
                0x0800a46c        0xc AutoPilot THUMB Release/main.o
 .text.__heap_unlock
                0x0800a478       0x18 AutoPilot THUMB Release/main.o
                0x0800a478                __heap_unlock
 .ARM.extab.text.__heap_unlock
                0x0800a490        0xc AutoPilot THUMB Release/main.o
 .text.__printf_lock
                0x0800a49c       0x28 AutoPilot THUMB Release/main.o
                0x0800a49c                __printf_lock
 .ARM.extab.text.__printf_lock
                0x0800a4c4        0xc AutoPilot THUMB Release/main.o
 .text.__printf_unlock
                0x0800a4d0       0x18 AutoPilot THUMB Release/main.o
                0x0800a4d0                __printf_unlock
 .ARM.extab.text.__printf_unlock
                0x0800a4e8        0xc AutoPilot THUMB Release/main.o
 .text.__debug_io_lock
                0x0800a4f4       0x28 AutoPilot THUMB Release/main.o
                0x0800a4f4                __debug_io_lock
 .ARM.extab.text.__debug_io_lock
                0x0800a51c        0xc AutoPilot THUMB Release/main.o
 .text.__debug_io_unlock
                0x0800a528       0x18 AutoPilot THUMB Release/main.o
                0x0800a528                __debug_io_unlock
 .ARM.extab.text.__debug_io_unlock
                0x0800a540        0xc AutoPilot THUMB Release/main.o
 .text.__aeabi_read_tp
                0x0800a54c        0x4 AutoPilot THUMB Release/main.o
                0x0800a54c                __aeabi_read_tp
 .text.__cxa_guard_acquire
                0x0800a550       0x38 AutoPilot THUMB Release/main.o
                0x0800a550                __cxa_guard_acquire
 .text.__cxa_guard_release
                0x0800a588       0x1c AutoPilot THUMB Release/main.o
                0x0800a588                __cxa_guard_release
 .ARM.extab.text.__cxa_guard_release
                0x0800a5a4        0xc AutoPilot THUMB Release/main.o
 .text.vApplicationIdleHook
                0x0800a5b0       0x1c AutoPilot THUMB Release/main.o
                0x0800a5b0                vApplicationIdleHook
 .text._Z12runUnitTestsv
                0x0800a5cc       0xb8 AutoPilot THUMB Release/main.o
                0x0800a5cc                runUnitTests()
 .text._Z18runPeripheralTestsv
                0x0800a684        0xc AutoPilot THUMB Release/main.o
                0x0800a684                runPeripheralTests()
 .ARM.extab.text._Z18runPeripheralTestsv
                0x0800a690        0xc AutoPilot THUMB Release/main.o
 .text._Z7initPllv
                0x0800a69c       0xc8 AutoPilot THUMB Release/main.o
                0x0800a69c                initPll()
 *fill*         0x0800a764        0x4 
 .text.main     0x0800a768      0x388 AutoPilot THUMB Release/main.o
                0x0800a768                main
 .ARM.extab.text.main
                0x0800aaf0       0x74 AutoPilot THUMB Release/main.o
 .text._GLOBAL__sub_I_sysclk
                0x0800ab64       0x10 AutoPilot THUMB Release/main.o
 .text._ZN11MonitorTask4taskEv
                0x0800ab74       0xc4 AutoPilot THUMB Release/MonitorTask.o
                0x0800ab74                MonitorTask::task()
 .text._ZN11MonitorTaskC2EP4LEDsP10SensorTaskP11ControlTaskP13AltimeterTaskP7GpsTask
                0x0800ac38       0x20 AutoPilot THUMB Release/MonitorTask.o
                0x0800ac38                MonitorTask::MonitorTask(LEDs*, SensorTask*, ControlTask*, AltimeterTask*, GpsTask*)
                0x0800ac38                MonitorTask::MonitorTask(LEDs*, SensorTask*, ControlTask*, AltimeterTask*, GpsTask*)
 .text._ZN11MonitorTask4initEv
                0x0800ac58        0x4 AutoPilot THUMB Release/MonitorTask.o
                0x0800ac58                MonitorTask::init()
 .text._ZN3PidC2EP9PidConfig
                0x0800ac5c       0x18 AutoPilot THUMB Release/Pid.o
                0x0800ac5c                Pid::Pid(PidConfig*)
                0x0800ac5c                Pid::Pid(PidConfig*)
 .text._ZN3Pid9calculateEf
                0x0800ac74       0x5c AutoPilot THUMB Release/Pid.o
                0x0800ac74                Pid::calculate(float)
 .text._ZN10PwmCaptureC2Ev
                0x0800acd0       0x48 AutoPilot THUMB Release/PwmCapture.o
                0x0800acd0                PwmCapture::PwmCapture()
                0x0800acd0                PwmCapture::PwmCapture()
 .text._ZN10PwmCapture4initEv
                0x0800ad18      0x258 AutoPilot THUMB Release/PwmCapture.o
                0x0800ad18                PwmCapture::init()
 .text._ZN10PwmCapture17irqChannelHandlerE17CaptureTimerIndexi
                0x0800af70       0xb8 AutoPilot THUMB Release/PwmCapture.o
                0x0800af70                PwmCapture::irqChannelHandler(CaptureTimerIndex, int)
 .text._ZN10PwmCapture10irqHandlerE17CaptureTimerIndex
                0x0800b028       0x1c AutoPilot THUMB Release/PwmCapture.o
                0x0800b028                PwmCapture::irqHandler(CaptureTimerIndex)
 .text.TIM3_IRQHandler
                0x0800b044       0x14 AutoPilot THUMB Release/PwmCapture.o
                0x0800b044                TIM3_IRQHandler
 .ARM.extab.text.TIM3_IRQHandler
                0x0800b058        0xc AutoPilot THUMB Release/PwmCapture.o
 .text.TIM4_IRQHandler
                0x0800b064       0x14 AutoPilot THUMB Release/PwmCapture.o
                0x0800b064                TIM4_IRQHandler
 .ARM.extab.text.TIM4_IRQHandler
                0x0800b078        0xc AutoPilot THUMB Release/PwmCapture.o
 .text._ZN10PwmCapture24getChannelValueZeroToOneE11ChannelEnum
                0x0800b084       0x98 AutoPilot THUMB Release/PwmCapture.o
                0x0800b084                PwmCapture::getChannelValueZeroToOne(ChannelEnum)
 .ARM.extab.text._ZN10PwmCapture24getChannelValueZeroToOneE11ChannelEnum
                0x0800b11c        0xc AutoPilot THUMB Release/PwmCapture.o
 .text._ZN10PwmCapture34TEST_ONLY_setChannelValueZeroToOneE11ChannelEnumf
                0x0800b128       0x28 AutoPilot THUMB Release/PwmCapture.o
                0x0800b128                PwmCapture::TEST_ONLY_setChannelValueZeroToOne(ChannelEnum, float)
 .ARM.extab.text._ZN10PwmCapture34TEST_ONLY_setChannelValueZeroToOneE11ChannelEnumf
                0x0800b150        0xc AutoPilot THUMB Release/PwmCapture.o
 .text._ZN10PwmCapture18isReceiverSignalOKEv
                0x0800b15c       0x18 AutoPilot THUMB Release/PwmCapture.o
                0x0800b15c                PwmCapture::isReceiverSignalOK()
 .text._ZN6PwmGenC2Ev
                0x0800b174        0x8 AutoPilot THUMB Release/PwmGen.o
                0x0800b174                PwmGen::PwmGen()
                0x0800b174                PwmGen::PwmGen()
 .text._ZN6PwmGen4initEv
                0x0800b17c      0x1ec AutoPilot THUMB Release/PwmGen.o
                0x0800b17c                PwmGen::init()
 .text._ZN6PwmGen24setChannelValueZeroToOneE11ChannelEnumf
                0x0800b368       0xb0 AutoPilot THUMB Release/PwmGen.o
                0x0800b368                PwmGen::setChannelValueZeroToOne(ChannelEnum, float)
 .text._ZN6PwmGen24getChannelValueZeroToOneE11ChannelEnum
                0x0800b418       0x1c AutoPilot THUMB Release/PwmGen.o
                0x0800b418                PwmGen::getChannelValueZeroToOne(ChannelEnum)
 .text._ZN11ChannelEnumC2Eh
                0x0800b434        0x4 AutoPilot THUMB Release/PwmGen.o
                0x0800b434                ChannelEnum::ChannelEnum(unsigned char)
                0x0800b434                ChannelEnum::ChannelEnum(unsigned char)
 .text._ZN11ChannelEnum8getValueEv
                0x0800b438        0x4 AutoPilot THUMB Release/PwmGen.o
                0x0800b438                ChannelEnum::getValue()
 .text._ZN10QuaternionC2Ev
                0x0800b43c       0x10 AutoPilot THUMB Release/Quaternion.o
                0x0800b43c                Quaternion::Quaternion()
                0x0800b43c                Quaternion::Quaternion()
 .text._ZN10QuaternionC2ERKS_
                0x0800b44c       0x14 AutoPilot THUMB Release/Quaternion.o
                0x0800b44c                Quaternion::Quaternion(Quaternion const&)
                0x0800b44c                Quaternion::Quaternion(Quaternion const&)
 .text._ZN10QuaternionC2Effff
                0x0800b460       0x14 AutoPilot THUMB Release/Quaternion.o
                0x0800b460                Quaternion::Quaternion(float, float, float, float)
                0x0800b460                Quaternion::Quaternion(float, float, float, float)
 .text._ZN10QuaternionC2EfRK6Vector
                0x0800b474       0x14 AutoPilot THUMB Release/Quaternion.o
                0x0800b474                Quaternion::Quaternion(float, Vector const&)
                0x0800b474                Quaternion::Quaternion(float, Vector const&)
 .text._ZNK10Quaternion11getNewEulerEv
                0x0800b488      0x180 AutoPilot THUMB Release/Quaternion.o
                0x0800b488                Quaternion::getNewEuler() const
 .ARM.extab.text._ZNK10Quaternion11getNewEulerEv
                0x0800b608       0x24 AutoPilot THUMB Release/Quaternion.o
 .text._ZN10QuaternionmlERKS_
                0x0800b62c       0x9c AutoPilot THUMB Release/Quaternion.o
                0x0800b62c                Quaternion::operator*(Quaternion const&)
 .text._ZN10QuaternionmlERKf
                0x0800b6c8       0x30 AutoPilot THUMB Release/Quaternion.o
                0x0800b6c8                Quaternion::operator*(float const&)
 .text._ZN10QuaterniondvERKf
                0x0800b6f8       0x30 AutoPilot THUMB Release/Quaternion.o
                0x0800b6f8                Quaternion::operator/(float const&)
 .text._ZN10Quaternion4conjEv
                0x0800b728       0x28 AutoPilot THUMB Release/Quaternion.o
                0x0800b728                Quaternion::conj()
 .text._ZN10Quaternion4normEv
                0x0800b750       0x34 AutoPilot THUMB Release/Quaternion.o
                0x0800b750                Quaternion::norm()
 .ARM.extab.text._ZN10Quaternion4normEv
                0x0800b784        0xc AutoPilot THUMB Release/Quaternion.o
 .text._ZN10Quaternion9normalizeEv
                0x0800b790       0x50 AutoPilot THUMB Release/Quaternion.o
                0x0800b790                Quaternion::normalize()
 .text._ZN10QuaternionC2Efff
                0x0800b7e0       0xc4 AutoPilot THUMB Release/Quaternion.o
                0x0800b7e0                Quaternion::Quaternion(float, float, float)
                0x0800b7e0                Quaternion::Quaternion(float, float, float)
 .text._ZN10Quaternion9getMatrixEPA3_f
                0x0800b8a4      0x144 AutoPilot THUMB Release/Quaternion.o
                0x0800b8a4                Quaternion::getMatrix(float (*) [3])
 .text._ZN10Quaternion14getNewSandwichEPK6Vector
                0x0800b9e8       0x64 AutoPilot THUMB Release/Quaternion.o
                0x0800b9e8                Quaternion::getNewSandwich(Vector const*)
 .ARM.extab.text._ZN10Quaternion14getNewSandwichEPK6Vector
                0x0800ba4c       0x18 AutoPilot THUMB Release/Quaternion.o
 .text._ZN10Quaternion11getNewSlerpEPKS_f
                0x0800ba64      0x1b0 AutoPilot THUMB Release/Quaternion.o
                0x0800ba64                Quaternion::getNewSlerp(Quaternion const*, float)
 .text._ZN10SensorTaskC2EP13AltimeterTaskPvP7GpsTask
                0x0800bc14       0xc0 AutoPilot THUMB Release/SensorTask.o
                0x0800bc14                SensorTask::SensorTask(AltimeterTask*, void*, GpsTask*)
                0x0800bc14                SensorTask::SensorTask(AltimeterTask*, void*, GpsTask*)
 .ARM.extab.text._ZN10SensorTaskC2EP13AltimeterTaskPvP7GpsTask
                0x0800bcd4       0x38 AutoPilot THUMB Release/SensorTask.o
 .text._ZN10SensorTaskD2Ev
                0x0800bd0c       0x3c AutoPilot THUMB Release/SensorTask.o
                0x0800bd0c                SensorTask::~SensorTask()
                0x0800bd0c                SensorTask::~SensorTask()
 .ARM.extab.text._ZN10SensorTaskD2Ev
                0x0800bd48        0xc AutoPilot THUMB Release/SensorTask.o
 .text._ZN10SensorTask4initEv
                0x0800bd54        0x4 AutoPilot THUMB Release/SensorTask.o
                0x0800bd54                SensorTask::init()
 .text._ZN10SensorTask11isGpsLockedEv
                0x0800bd58        0xc AutoPilot THUMB Release/SensorTask.o
                0x0800bd58                SensorTask::isGpsLocked()
 .ARM.extab.text._ZN10SensorTask11isGpsLockedEv
                0x0800bd64        0xc AutoPilot THUMB Release/SensorTask.o
 .text._ZN10SensorTask10markOriginEv
                0x0800bd70        0xc AutoPilot THUMB Release/SensorTask.o
                0x0800bd70                SensorTask::markOrigin()
 .ARM.extab.text._ZN10SensorTask10markOriginEv
                0x0800bd7c        0xc AutoPilot THUMB Release/SensorTask.o
 .text._ZN10SensorTask13getKinematicsEv
                0x0800bd88        0x4 AutoPilot THUMB Release/SensorTask.o
                0x0800bd88                SensorTask::getKinematics()
 .text._ZN10SensorTask40convertImuSampleToAircraftReferenceFrameEP9ImuSample
                0x0800bd8c       0x18 AutoPilot THUMB Release/SensorTask.o
                0x0800bd8c                SensorTask::convertImuSampleToAircraftReferenceFrame(ImuSample*)
 .text._ZN10SensorTask4taskEv
                0x0800bda4      0x324 AutoPilot THUMB Release/SensorTask.o
                0x0800bda4                SensorTask::task()
 .ARM.extab.text._ZN10SensorTask4taskEv
                0x0800c0c8       0x28 AutoPilot THUMB Release/SensorTask.o
 .text._ZN10SensorTask32updateReferenceFrameFromFeedbackEP10Quaternion
                0x0800c0f0       0x9c AutoPilot THUMB Release/SensorTask.o
                0x0800c0f0                SensorTask::updateReferenceFrameFromFeedback(Quaternion*)
 .ARM.extab.text._ZN10SensorTask32updateReferenceFrameFromFeedbackEP10Quaternion
                0x0800c18c       0x20 AutoPilot THUMB Release/SensorTask.o
 .text._ZN10SensorTask17setLoggingEnabledEb
                0x0800c1ac        0x8 AutoPilot THUMB Release/SensorTask.o
                0x0800c1ac                SensorTask::setLoggingEnabled(bool)
 .text._ZN10SensorTask16calibrateSensorsEv
                0x0800c1b4        0xc AutoPilot THUMB Release/SensorTask.o
                0x0800c1b4                SensorTask::calibrateSensors()
 .ARM.extab.text._ZN10SensorTask16calibrateSensorsEv